Archive member included because of file (symbol)

/home/david/devkitPro/libnds/lib/libnds9.a(console.o)
                              main.o (consoleDemoInit)
/home/david/devkitPro/libnds/lib/libnds9.a(keys.o)
                              main.o (scanKeys)
/home/david/devkitPro/libnds/lib/libnds9.a(initSystem.o)
                              /home/david/devkitPro/devkitARM/bin/../lib/gcc/arm-none-eabi/4.7.1/../../../../arm-none-eabi/lib/thumb/ds_arm9_crt0.o (initSystem)
/home/david/devkitPro/libnds/lib/libnds9.a(fifosystem.o)
                              /home/david/devkitPro/libnds/lib/libnds9.a(initSystem.o) (fifoSendValue32)
/home/david/devkitPro/libnds/lib/libnds9.a(interrupts.o)
                              /home/david/devkitPro/libnds/lib/libnds9.a(fifosystem.o) (irqSet)
/home/david/devkitPro/libnds/lib/libnds9.a(libnds_exit.arm.o)
                              /home/david/devkitPro/devkitARM/bin/../lib/gcc/arm-none-eabi/4.7.1/../../../../arm-none-eabi/lib/thumb/ds_arm9_crt0.o (__libnds_exit)
/home/david/devkitPro/libnds/lib/libnds9.a(mpu_setup.o)
                              /home/david/devkitPro/devkitARM/bin/../lib/gcc/arm-none-eabi/4.7.1/../../../../arm-none-eabi/lib/thumb/ds_arm9_crt0.o (__libnds_mpu_setup)
/home/david/devkitPro/libnds/lib/libnds9.a(biosCalls.o)
                              /home/david/devkitPro/libnds/lib/libnds9.a(fifosystem.o) (swiIntrWait)
/home/david/devkitPro/libnds/lib/libnds9.a(debugprint.o)
                              /home/david/devkitPro/libnds/lib/libnds9.a(console.o) (nocashWrite)
/home/david/devkitPro/libnds/lib/libnds9.a(interruptDispatcher.o)
                              /home/david/devkitPro/libnds/lib/libnds9.a(interrupts.o) (IntrMain)
/home/david/devkitPro/libnds/lib/libnds9.a(swiSoftReset.o)
                              /home/david/devkitPro/libnds/lib/libnds9.a(fifosystem.o) (swiSoftReset)
/home/david/devkitPro/libnds/lib/libnds9.a(default_font.bin.o)
                              /home/david/devkitPro/libnds/lib/libnds9.a(console.o) (default_font_bin)
/home/david/devkitPro/libnds/lib/libnds9.a(background.o)
                              /home/david/devkitPro/libnds/lib/libnds9.a(console.o) (bgState)
/home/david/devkitPro/libnds/lib/libnds9.a(system.o)
                              /home/david/devkitPro/libnds/lib/libnds9.a(initSystem.o) (systemMsgHandler)
/home/david/devkitPro/libnds/lib/libnds9.a(trig.o)
                              /home/david/devkitPro/libnds/lib/libnds9.a(background.o) (sinLerp)
/home/david/devkitPro/libnds/lib/libnds9.a(video.o)
                              /home/david/devkitPro/libnds/lib/libnds9.a(initSystem.o) (vramDefault)
/home/david/devkitPro/devkitARM/bin/../lib/gcc/arm-none-eabi/4.7.1/thumb/libgcc.a(_divsi3.o)
                              snake.o (__aeabi_idivmod)
/home/david/devkitPro/devkitARM/bin/../lib/gcc/arm-none-eabi/4.7.1/thumb/libgcc.a(_dvmd_tls.o)
                              /home/david/devkitPro/devkitARM/bin/../lib/gcc/arm-none-eabi/4.7.1/thumb/libgcc.a(_divsi3.o) (__aeabi_idiv0)
/home/david/devkitPro/devkitARM/bin/../lib/gcc/arm-none-eabi/4.7.1/../../../../arm-none-eabi/lib/thumb/libg.a(lib_a-bsearch.o)
                              /home/david/devkitPro/libnds/lib/libnds9.a(trig.o) (bsearch)
/home/david/devkitPro/devkitARM/bin/../lib/gcc/arm-none-eabi/4.7.1/../../../../arm-none-eabi/lib/thumb/libg.a(lib_a-exit.o)
                              snake.o (exit)
/home/david/devkitPro/devkitARM/bin/../lib/gcc/arm-none-eabi/4.7.1/../../../../arm-none-eabi/lib/thumb/libg.a(lib_a-impure.o)
                              /home/david/devkitPro/devkitARM/bin/../lib/gcc/arm-none-eabi/4.7.1/../../../../arm-none-eabi/lib/thumb/libg.a(lib_a-exit.o) (_global_impure_ptr)
/home/david/devkitPro/devkitARM/bin/../lib/gcc/arm-none-eabi/4.7.1/../../../../arm-none-eabi/lib/thumb/libg.a(lib_a-init.o)
                              /home/david/devkitPro/devkitARM/bin/../lib/gcc/arm-none-eabi/4.7.1/../../../../arm-none-eabi/lib/thumb/ds_arm9_crt0.o (__libc_init_array)
/home/david/devkitPro/devkitARM/bin/../lib/gcc/arm-none-eabi/4.7.1/../../../../arm-none-eabi/lib/thumb/libg.a(lib_a-iprintf.o)
                              /home/david/devkitPro/libnds/lib/libnds9.a(console.o) (iprintf)
/home/david/devkitPro/devkitARM/bin/../lib/gcc/arm-none-eabi/4.7.1/../../../../arm-none-eabi/lib/thumb/libg.a(lib_a-malloc.o)
                              snake.o (malloc)
/home/david/devkitPro/devkitARM/bin/../lib/gcc/arm-none-eabi/4.7.1/../../../../arm-none-eabi/lib/thumb/libg.a(lib_a-mallocr.o)
                              /home/david/devkitPro/devkitARM/bin/../lib/gcc/arm-none-eabi/4.7.1/../../../../arm-none-eabi/lib/thumb/libg.a(lib_a-malloc.o) (_malloc_r)
/home/david/devkitPro/devkitARM/bin/../lib/gcc/arm-none-eabi/4.7.1/../../../../arm-none-eabi/lib/thumb/libg.a(lib_a-memcpy-stub.o)
                              /home/david/devkitPro/libnds/lib/libnds9.a(console.o) (memcpy)
[...]
Memory Configuration

Name             Origin             Length             Attributes
rom              0x0000000008000000 0x0000000002000000
ewram            0x0000000002000000 0x00000000003ff000
dtcm             0x000000000b000000 0x0000000000004000
vectors          0x0000000001000000 0x0000000000000100
itcm             0x0000000001000100 0x0000000000007f00
*default*        0x0000000000000000 0xffffffffffffffff

Linker script and memory map

                0x0000000001000000                __vectors_start = ORIGIN (vectors)
                0x0000000001000100                __itcm_start = ORIGIN (itcm)
                0x00000000023ff000                __ewram_end = (ORIGIN (ewram) + 0x3ff000)
                0x00000000023ff000                __eheap_end = (ORIGIN (ewram) + 0x3ff000)
                0x000000000b000000                __dtcm_start = ORIGIN (dtcm)
                0x000000000b004000                __dtcm_top = (ORIGIN (dtcm) + 0x4000)
                0x000000000b003ff8                __irq_flags = (__dtcm_top - 0x8)
                0x000000000b003ffc                __irq_vector = (__dtcm_top - 0x4)
                0x000000000b003f00                __sp_svc = (__dtcm_top - 0x100)
                0x000000000b003e00                __sp_irq = (__sp_svc - 0x100)
                0x000000000b003d00                __sp_usr = (__sp_irq - 0x100)

.init           0x0000000002000000      0x23c
                0x0000000002000000                __text_start = .
 *(.init)
 .init          0x0000000002000000      0x230 /home/david/devkitPro/devkitARM/bin/../lib/gcc/arm-none-eabi/4.7.1/../../../../arm-none-eabi/lib/thumb/ds_arm9_crt0.o
                0x0000000002000000                _start
 .init          0x0000000002000230        0x4 /home/david/devkitPro/devkitARM/bin/../lib/gcc/arm-none-eabi/4.7.1/thumb/crti.o
                0x0000000002000230                _init
 .init          0x0000000002000234        0x8 /home/david/devkitPro/devkitARM/bin/../lib/gcc/arm-none-eabi/4.7.1/thumb/crtn.o
                0x000000000200023c                . = ALIGN (0x4)

.plt
 *(.plt)

.text           0x0000000002000240     0xd9e0
 *(EXCLUDE_FILE(*.itcm*) .text)
 .text          0x0000000002000240        0x0 /home/david/devkitPro/devkitARM/bin/../lib/gcc/arm-none-eabi/4.7.1/../../../../arm-none-eabi/lib/thumb/ds_arm9_crt0.o
 .text          0x0000000002000240        0x0 /home/david/devkitPro/devkitARM/bin/../lib/gcc/arm-none-eabi/4.7.1/thumb/crti.o
 .text          0x0000000002000240       0xd0 /home/david/devkitPro/devkitARM/bin/../lib/gcc/arm-none-eabi/4.7.1/thumb/crtbegin.o
 .text          0x0000000002000310        0x0 soundbank.bin.o
 .text          0x0000000002000310        0x0 main.o
 .text          0x0000000002000310      0x6b0 snake.o
                0x0000000002000310                snake_create()
                0x0000000002000364                field_create()
                0x0000000002000388                apple_create()
                0x000000000200039c                snake_init(_snake*, int, int)
                0x00000000020003e8                field_init(_field*)
                0x0000000002000404                apple_init(_apple*)
                0x0000000002000410                game_destroy(_game*)
                0x0000000002000430                snake_destroy(_snake*)
                0x0000000002000438                field_destroy(_field*)
                0x0000000002000440                apple_destroy(_apple*)
                0x0000000002000448                printXY(int, int, unsigned short)
                0x0000000002000470                printBlock(_game*, int, int, unsigned short, int)
                0x00000000020004f8                checkCommand(_game*)
                0x0000000002000558                updateSnake(_game*)
                0x00000000020005e0                newApple(_game*)
                0x0000000002000640                game_init(_game*)
                0x00000000020006d8                game_create()
                0x0000000002000700                getApple(_game*)
                0x000000000200071c                checkCollision(_game*)
                0x0000000002000764                updateGame(_game*)
                0x0000000002000790                drawField(_game*)
                0x0000000002000888                drawSnake(_game*)
                0x00000000020008dc                drawApple(_game*)
                0x00000000020008f4                drawGame(_game*)
                0x000000000200090c                debugInfo(_game*)
 .text          0x00000000020009c0      0xa4c /home/david/devkitPro/libnds/lib/libnds9.a(console.o)
                0x0000000002000a60                nocash_write
                0x0000000002000a70                consoleGetDefault
                0x0000000002000a7c                consoleSelect
                0x0000000002000a8c                consoleDebugInit
                0x0000000002000adc                consolePrintChar
                0x0000000002000ca8                consoleLoadFont
                0x0000000002000f30                consoleSetFont
                0x0000000002000f50                consoleInit
                0x00000000020010b8                consoleDemoInit
                0x00000000020010fc                con_write
                0x00000000020013d8                consoleClear
                0x00000000020013e8                consoleSetWindow
 .text          0x000000000200140c       0xf4 /home/david/devkitPro/libnds/lib/libnds9.a(keys.o)
                0x000000000200140c                scanKeys
                0x0000000002001478                keysHeld
                0x0000000002001484                keysDown
                0x0000000002001494                keysDownRepeat
                0x00000000020014a4                keysSetRepeat
                0x00000000020014bc                keysUp
                0x00000000020014cc                keysCurrent
 .text          0x0000000002001500      0x140 /home/david/devkitPro/libnds/lib/libnds9.a(initSystem.o)
                0x0000000002001500                initSystem
 .text          0x0000000002001640      0xc58 /home/david/devkitPro/libnds/lib/libnds9.a(fifosystem.o)
                0x0000000002001894                fifoSendAddress
                0x00000000020018c0                fifoSendValue32
                0x0000000002001900                fifoSendDatamsg
                0x0000000002001970                fifoGetAddress
                0x00000000020019e8                fifoSetAddressHandler
                0x0000000002001a5c                fifoGetValue32
                0x0000000002001ad0                fifoSetValue32Handler
                0x0000000002001b44                fifoGetDatamsg
                0x0000000002001fc8                fifoSetDatamsgHandler
                0x0000000002002060                fifoCheckAddress
                0x0000000002002084                fifoCheckDatamsg
                0x00000000020020a8                fifoCheckValue32
                0x00000000020020cc                fifoInit
 .text          0x0000000002002298      0x1ec /home/david/devkitPro/libnds/lib/libnds9.a(interrupts.o)
                0x0000000002002298                irqDummy
                0x000000000200229c                irqSet
                0x0000000002002308                irqInit
                0x0000000002002354                irqInitHandler
                0x0000000002002384                irqEnable
                0x00000000020023e8                irqDisable
                0x000000000200244c                irqClear
 .text          0x0000000002002484       0x58 /home/david/devkitPro/libnds/lib/libnds9.a(libnds_exit.arm.o)
                0x0000000002002484                systemErrorExit
                0x0000000002002488                __libnds_exit
 .text          0x00000000020024dc      0x1b4 /home/david/devkitPro/libnds/lib/libnds9.a(mpu_setup.o)
                0x00000000020024dc                __libnds_mpu_setup
                0x000000000200261c                memCached
                0x0000000002002634                memUncached
 .text          0x0000000002002690       0x70 /home/david/devkitPro/libnds/lib/libnds9.a(biosCalls.o)
                0x0000000002002690                swiDelay
                0x0000000002002694                swiIntrWait
                0x0000000002002698                swiWaitForVBlank
                0x000000000200269c                swiSleep
                0x00000000020026a0                swiChangeSoundBias
                0x00000000020026a4                swiDivide
                0x00000000020026a8                swiRemainder
                0x00000000020026ae                swiDivMod
                0x00000000020026ba                swiCopy
                0x00000000020026be                swiFastCopy
                0x00000000020026c2                swiSqrt
                0x00000000020026c6                swiCRC16
                0x00000000020026ca                swiIsDebugger
                0x00000000020026ce                swiUnpackBits
                0x00000000020026d2                swiDecompressLZSSWram
                0x00000000020026d6                swiDecompressLZSSVramNTR
                0x00000000020026da                swiDecompressLZSSVramTWL
                0x00000000020026de                swiDecompressHuffman
                0x00000000020026e2                swiDecompressRLEWram
                0x00000000020026e6                swiDecompressRLEVram
                0x00000000020026ea                swiWaitForIRQ
                0x00000000020026ee                swiDecodeDelta8
                0x00000000020026f2                swiDecodeDelta16
                0x00000000020026f6                swiSetHaltCR
 .text          0x0000000002002700       0xa4 /home/david/devkitPro/libnds/lib/libnds9.a(debugprint.o)
                0x0000000002002700                nocashWrite
                0x0000000002002702                nocashMessage
 .text          0x00000000020027a4        0x0 /home/david/devkitPro/libnds/lib/libnds9.a(interruptDispatcher.o)
 *fill*         0x00000000020027a4        0xc ff
 .text          0x00000000020027b0       0x30 /home/david/devkitPro/libnds/lib/libnds9.a(swiSoftReset.o)
                0x00000000020027b0                swiSoftReset
 .text          0x00000000020027e0        0x0 /home/david/devkitPro/libnds/lib/libnds9.a(default_font.bin.o)
 .text          0x00000000020027e0      0x2e8 /home/david/devkitPro/libnds/lib/libnds9.a(background.o)
                0x00000000020027e0                bgIsText
                0x00000000020027ec                checkIfText
                0x0000000002002844                bgUpdate
                0x0000000002002938                bgInit_call
                0x00000000020029fc                bgInitSub_call
 .text          0x0000000002002ac8      0x128 /home/david/devkitPro/libnds/lib/libnds9.a(system.o)
                0x0000000002002ac8                setSDcallback
                0x0000000002002ad4                systemMsgHandler
                0x0000000002002b18                systemSleep
                0x0000000002002b30                systemValueHandler
                0x0000000002002b6c                powerOn
                0x0000000002002b98                powerOff
                0x0000000002002bc0                ledBlink
                0x0000000002002bd0                getBatteryLevel
 .text          0x0000000002002bf0      0x244 /home/david/devkitPro/libnds/lib/libnds9.a(trig.o)
                0x0000000002002bf0                asinComp
                0x0000000002002c18                sinLutLookup
                0x0000000002002c54                sinLerp
                0x0000000002002c8c                cosLerp
                0x0000000002002ca0                tanLutLookup
                0x0000000002002cd8                tanLerp
                0x0000000002002d7c                asinLerp
                0x0000000002002df8                acosLerp
                0x0000000002002e0c                atanComp
 .text          0x0000000002002e34      0x1f8 /home/david/devkitPro/libnds/lib/libnds9.a(video.o)
                0x0000000002002e34                vramSetPrimaryBanks
                0x0000000002002e78                vramSetMainBanks
                0x0000000002002ebc                vramSetBanks_EFG
                0x0000000002002ef4                vramRestorePrimaryBanks
                0x0000000002002f00                vramRestoreMainBanks
                0x0000000002002f0c                vramRestoreBanks_EFG
                0x0000000002002f18                setBrightness
                0x0000000002002f58                vramDefault
 .text          0x000000000200302c      0x150 /home/david/devkitPro/devkitARM/bin/../lib/gcc/arm-none-eabi/4.7.1/thumb/libgcc.a(_divsi3.o)
                0x000000000200302c                __aeabi_idiv
                0x000000000200302c                __divsi3
                0x000000000200315c                __aeabi_idivmod
 .text          0x000000000200317c        0x4 /home/david/devkitPro/devkitARM/bin/../lib/gcc/arm-none-eabi/4.7.1/thumb/libgcc.a(_dvmd_tls.o)
                0x000000000200317c                __aeabi_ldiv0
                0x000000000200317c                __aeabi_idiv0
 .text          0x0000000002003180       0x64 /home/david/devkitPro/devkitARM/bin/../lib/gcc/arm-none-eabi/4.7.1/../../../../arm-none-eabi/lib/thumb/libg.a(lib_a-bsearch.o)
                0x0000000002003180                bsearch
 .text          0x00000000020031e4       0x28 /home/david/devkitPro/devkitARM/bin/../lib/gcc/arm-none-eabi/4.7.1/../../../../arm-none-eabi/lib/thumb/libg.a(lib_a-exit.o)
                0x00000000020031e4                exit
 .text          0x000000000200320c        0x0 /home/david/devkitPro/devkitARM/bin/../lib/gcc/arm-none-eabi/4.7.1/../../../../arm-none-eabi/lib/thumb/libg.a(lib_a-impure.o)
 .text          0x000000000200320c       0x54 /home/david/devkitPro/devkitARM/bin/../lib/gcc/arm-none-eabi/4.7.1/../../../../arm-none-eabi/lib/thumb/libg.a(lib_a-init.o)
                0x000000000200320c                __libc_init_array
 .text          0x0000000002003260       0x40 /home/david/devkitPro/devkitARM/bin/../lib/gcc/arm-none-eabi/4.7.1/../../../../arm-none-eabi/lib/thumb/libg.a(lib_a-iprintf.o)
                0x0000000002003260                iprintf
                0x0000000002003284                _iprintf_r
 .text          0x00000000020032a0       0x30 /home/david/devkitPro/devkitARM/bin/../lib/gcc/arm-none-eabi/4.7.1/../../../../arm-none-eabi/lib/thumb/libg.a(lib_a-malloc.o)
                0x00000000020032a0                malloc
                0x00000000020032b8                free
 .text          0x00000000020032d0      0x51c /home/david/devkitPro/devkitARM/bin/../lib/gcc/arm-none-eabi/4.7.1/../../../../arm-none-eabi/lib/thumb/libg.a(lib_a-mallocr.o)
                0x00000000020032d0                _malloc_r
 .text          0x00000000020037ec       0x90 /home/david/devkitPro/devkitARM/bin/../lib/gcc/arm-none-eabi/4.7.1/../../../../arm-none-eabi/lib/thumb/libg.a(lib_a-memcpy-stub.o)
                0x00000000020037ec                memcpy
 .text          0x000000000200387c        0x8 /home/david/devkitPro/devkitARM/bin/../lib/gcc/arm-none-eabi/4.7.1/../../../../arm-none-eabi/lib/thumb/libg.a(lib_a-mlock.o)
                0x000000000200387c                __malloc_lock
                0x0000000002003880                __malloc_unlock
 .text          0x0000000002003884       0x40 /home/david/devkitPro/devkitARM/bin/../lib/gcc/arm-none-eabi/4.7.1/../../../../arm-none-eabi/lib/thumb/libg.a(lib_a-printf.o)
                0x0000000002003884                _printf_r
                0x00000000020038a0                printf
 .text          0x00000000020038c4       0x28 /home/david/devkitPro/devkitARM/bin/../lib/gcc/arm-none-eabi/4.7.1/../../../../arm-none-eabi/lib/thumb/libg.a(lib_a-putchar.o)
                0x00000000020038c4                _putchar_r
                0x00000000020038d4                putchar
 .text          0x00000000020038ec       0xc4 /home/david/devkitPro/devkitARM/bin/../lib/gcc/arm-none-eabi/4.7.1/../../../../arm-none-eabi/lib/thumb/libg.a(lib_a-putc.o)
                0x00000000020038ec                _putc_r
                0x000000000200394c                putc
 .text          0x00000000020039b0       0x50 /home/david/devkitPro/devkitARM/bin/../lib/gcc/arm-none-eabi/4.7.1/../../../../arm-none-eabi/lib/thumb/libg.a(lib_a-rand.o)
                0x00000000020039b0                srand
                0x00000000020039c4                rand
 .text          0x0000000002003a00      0x120 /home/david/devkitPro/devkitARM/bin/../lib/gcc/arm-none-eabi/4.7.1/../../../../arm-none-eabi/lib/thumb/libg.a(lib_a-setvbuf.o)
                0x0000000002003a00                setvbuf
 .text          0x0000000002003b20       0xa0 /home/david/devkitPro/devkitARM/bin/../lib/gcc/arm-none-eabi/4.7.1/../../../../arm-none-eabi/lib/thumb/libg.a(lib_a-siscanf.o)
                0x0000000002003b20                siscanf
                0x0000000002003b70                _siscanf_r
 .text          0x0000000002003bc0       0xac /home/david/devkitPro/devkitARM/bin/../lib/gcc/arm-none-eabi/4.7.1/../../../../arm-none-eabi/lib/thumb/libg.a(lib_a-stdio.o)
                0x0000000002003bc0                __sread
                0x0000000002003bec                __seofread
                0x0000000002003bf0                __swrite
                0x0000000002003c2c                __sseek
                0x0000000002003c5c                __sclose
 .text          0x0000000002003c6c       0x10 /home/david/devkitPro/devkitARM/bin/../lib/gcc/arm-none-eabi/4.7.1/../../../../arm-none-eabi/lib/thumb/libg.a(lib_a-strlen.o)
                0x0000000002003c6c                strlen
 .text          0x0000000002003c7c      0xa98 /home/david/devkitPro/devkitARM/bin/../lib/gcc/arm-none-eabi/4.7.1/../../../../arm-none-eabi/lib/thumb/libg.a(lib_a-svfiscanf.o)
                0x0000000002003c7c                _sungetc_r
                0x0000000002003d04                __ssrefill_r
                0x0000000002003d48                _sfread_r
                0x0000000002003dd4                __ssvfiscanf_r
 .text          0x0000000002004714       0x30 /home/david/devkitPro/devkitARM/bin/../lib/gcc/arm-none-eabi/4.7.1/../../../../arm-none-eabi/lib/thumb/libg.a(lib_a-time.o)
                0x0000000002004714                time
 .text          0x0000000002004744      0x188 /home/david/devkitPro/devkitARM/bin/../lib/gcc/arm-none-eabi/4.7.1/../../../../arm-none-eabi/lib/thumb/libg.a(lib_a-ungetc.o)
                0x0000000002004744                __submore
                0x00000000020047cc                _ungetc_r
                0x00000000020048b0                ungetc
 .text          0x00000000020048cc      0xed4 /home/david/devkitPro/devkitARM/bin/../lib/gcc/arm-none-eabi/4.7.1/../../../../arm-none-eabi/lib/thumb/libg.a(lib_a-vfiprintf.o)
                0x00000000020048cc                __sprint_r
                0x0000000002004950                _vfiprintf_r
                0x000000000200577c                vfiprintf
 .text          0x00000000020057a0     0x17e0 /home/david/devkitPro/devkitARM/bin/../lib/gcc/arm-none-eabi/4.7.1/../../../../arm-none-eabi/lib/thumb/libg.a(lib_a-vfprintf.o)
                0x00000000020057a0                _vfprintf_r
                0x0000000002006f58                vfprintf
 .text          0x0000000002006f80       0xd0 /home/david/devkitPro/devkitARM/bin/../lib/gcc/arm-none-eabi/4.7.1/../../../../arm-none-eabi/lib/thumb/libg.a(lib_a-wbuf.o)
                0x0000000002006f80                __swbuf_r
                0x0000000002007034                __swbuf
 .text          0x0000000002007050       0xe8 /home/david/devkitPro/devkitARM/bin/../lib/gcc/arm-none-eabi/4.7.1/../../../../arm-none-eabi/lib/thumb/libg.a(lib_a-wcrtomb.o)
                0x0000000002007050                _wcrtomb_r
                0x00000000020070b8                wcrtomb
 .text          0x0000000002007138       0x40 /home/david/devkitPro/devkitARM/bin/../lib/gcc/arm-none-eabi/4.7.1/../../../../arm-none-eabi/lib/thumb/libg.a(lib_a-wcsrtombs.o)
                0x0000000002007138                _wcsrtombs_r
                0x0000000002007150                wcsrtombs
 .text          0x0000000002007178      0x2a4 /home/david/devkitPro/devkitARM/bin/../lib/gcc/arm-none-eabi/4.7.1/../../../../arm-none-eabi/lib/thumb/libg.a(lib_a-wctomb_r.o)
                0x0000000002007178                __utf8_wctomb
                0x000000000200722c                _wctomb_r
                0x0000000002007264                __ascii_wctomb
                0x0000000002007284                __sjis_wctomb
                0x0000000002007300                __eucjp_wctomb
                0x000000000200739c                __jis_wctomb
 .text          0x000000000200741c       0xd0 /home/david/devkitPro/devkitARM/bin/../lib/gcc/arm-none-eabi/4.7.1/../../../../arm-none-eabi/lib/thumb/libg.a(lib_a-wsetup.o)
                0x000000000200741c                __swsetup_r
 .text          0x00000000020074ec      0x10c /home/david/devkitPro/devkitARM/bin/../lib/gcc/arm-none-eabi/4.7.1/../../../../arm-none-eabi/lib/thumb/libg.a(lib_a-__call_atexit.o)
                0x00000000020074ec                __call_exitprocs
 .text          0x00000000020075f8       0x10 /home/david/devkitPro/devkitARM/bin/../lib/gcc/arm-none-eabi/4.7.1/../../../../arm-none-eabi/lib/thumb/libg.a(lib_a-ctype_.o)
                0x00000000020075f8                __set_ctype
 .text          0x0000000002007608     0x10a0 /home/david/devkitPro/devkitARM/bin/../lib/gcc/arm-none-eabi/4.7.1/../../../../arm-none-eabi/lib/thumb/libg.a(lib_a-dtoa.o)
                0x0000000002007760                _dtoa_r
 .text          0x00000000020086a8      0x1b8 /home/david/devkitPro/devkitARM/bin/../lib/gcc/arm-none-eabi/4.7.1/../../../../arm-none-eabi/lib/thumb/libg.a(lib_a-fflush.o)
                0x00000000020086a8                __sflush_r
                0x0000000002008800                _fflush_r
                0x0000000002008830                fflush
 .text          0x0000000002008860      0x1d8 /home/david/devkitPro/devkitARM/bin/../lib/gcc/arm-none-eabi/4.7.1/../../../../arm-none-eabi/lib/thumb/libg.a(lib_a-findfp.o)
                0x0000000002008868                _cleanup_r
                0x00000000020088c8                __sfmoreglue
                0x00000000020088f8                _cleanup
                0x000000000200890c                __sinit
                0x0000000002008960                __sfp
                0x00000000020089f0                __sfp_lock_acquire
                0x00000000020089f4                __sfp_lock_release
                0x00000000020089f8                __sinit_lock_acquire
                0x00000000020089fc                __sinit_lock_release
                0x0000000002008a00                __fp_lock_all
                0x0000000002008a1c                __fp_unlock_all
 .text          0x0000000002008a38      0x104 /home/david/devkitPro/devkitARM/bin/../lib/gcc/arm-none-eabi/4.7.1/../../../../arm-none-eabi/lib/thumb/libg.a(lib_a-fputwc.o)
                0x0000000002008a38                _fputwc_r
                0x0000000002008b10                fputwc
 .text          0x0000000002008b3c      0x238 /home/david/devkitPro/devkitARM/bin/../lib/gcc/arm-none-eabi/4.7.1/../../../../arm-none-eabi/lib/thumb/libg.a(lib_a-freer.o)
                0x0000000002008b3c                _malloc_trim_r
                0x0000000002008be0                _free_r
 .text          0x0000000002008d74      0x2fc /home/david/devkitPro/devkitARM/bin/../lib/gcc/arm-none-eabi/4.7.1/../../../../arm-none-eabi/lib/thumb/libg.a(lib_a-fvwrite.o)
                0x0000000002008d74                __sfvwrite_r
 .text          0x0000000002009070       0xb4 /home/david/devkitPro/devkitARM/bin/../lib/gcc/arm-none-eabi/4.7.1/../../../../arm-none-eabi/lib/thumb/libg.a(lib_a-fwalk.o)
                0x0000000002009070                _fwalk
                0x00000000020090c4                _fwalk_reent
 .text          0x0000000002009124       0x78 /home/david/devkitPro/devkitARM/bin/../lib/gcc/arm-none-eabi/4.7.1/../../../../arm-none-eabi/lib/thumb/libg.a(lib_a-iswspace.o)
                0x0000000002009124                iswspace
 .text          0x000000000200919c      0x1f0 /home/david/devkitPro/devkitARM/bin/../lib/gcc/arm-none-eabi/4.7.1/../../../../arm-none-eabi/lib/thumb/libg.a(lib_a-jp2uc.o)
                0x0000000002009328                _jp2uc
 .text          0x000000000200938c      0x950 /home/david/devkitPro/devkitARM/bin/../lib/gcc/arm-none-eabi/4.7.1/../../../../arm-none-eabi/lib/thumb/libg.a(lib_a-locale.o)
                0x0000000002009a80                _setlocale_r
                0x0000000002009c7c                __locale_charset
                0x0000000002009c84                __locale_mb_cur_max
                0x0000000002009c90                __locale_msgcharset
                0x0000000002009c9c                __locale_cjk_lang
                0x0000000002009ca8                _localeconv_r
                0x0000000002009cb4                setlocale
                0x0000000002009cd0                localeconv
 .text          0x0000000002009cdc       0xe0 /home/david/devkitPro/devkitARM/bin/../lib/gcc/arm-none-eabi/4.7.1/../../../../arm-none-eabi/lib/thumb/libg.a(lib_a-makebuf.o)
                0x0000000002009cdc                __smakebuf_r
 .text          0x0000000002009dbc      0x104 /home/david/devkitPro/devkitARM/bin/../lib/gcc/arm-none-eabi/4.7.1/../../../../arm-none-eabi/lib/thumb/libg.a(lib_a-mbrtowc.o)
                0x0000000002009dbc                _mbrtowc_r
                0x0000000002009e34                mbrtowc
 .text          0x0000000002009ec0      0x584 /home/david/devkitPro/devkitARM/bin/../lib/gcc/arm-none-eabi/4.7.1/../../../../arm-none-eabi/lib/thumb/libg.a(lib_a-mbtowc_r.o)
                0x0000000002009ec0                __utf8_mbtowc
                0x000000000200a120                _mbtowc_r
                0x000000000200a15c                __ascii_mbtowc
                0x000000000200a18c                __sjis_mbtowc
                0x000000000200a24c                __eucjp_mbtowc
                0x000000000200a314                __jis_mbtowc
 .text          0x000000000200a444       0x98 /home/david/devkitPro/devkitARM/bin/../lib/gcc/arm-none-eabi/4.7.1/../../../../arm-none-eabi/lib/thumb/libg.a(lib_a-memchr-stub.o)
                0x000000000200a444                memchr
 .text          0x000000000200a4dc       0xb0 /home/david/devkitPro/devkitARM/bin/../lib/gcc/arm-none-eabi/4.7.1/../../../../arm-none-eabi/lib/thumb/libg.a(lib_a-memmove.o)
                0x000000000200a4dc                memmove
 .text          0x000000000200a58c       0x98 /home/david/devkitPro/devkitARM/bin/../lib/gcc/arm-none-eabi/4.7.1/../../../../arm-none-eabi/lib/thumb/libg.a(lib_a-memset.o)
                0x000000000200a58c                memset
 *fill*         0x000000000200a624        0x4 ff
 .text          0x000000000200a628      0x978 /home/david/devkitPro/devkitARM/bin/../lib/gcc/arm-none-eabi/4.7.1/../../../../arm-none-eabi/lib/thumb/libg.a(lib_a-mprec.o)
                0x000000000200a628                _Balloc
                0x000000000200a67c                _Bfree
                0x000000000200a694                __multadd
                0x000000000200a740                __s2b
                0x000000000200a7dc                __hi0bits
                0x000000000200a814                __lo0bits
                0x000000000200a874                __i2b
                0x000000000200a88c                __multiply
                0x000000000200a9f0                __pow5mult
                0x000000000200aaa0                __lshift
                0x000000000200ab70                __mcmp
                0x000000000200abac                __mdiff
                0x000000000200ac9c                __ulp
                0x000000000200ace4                __b2d
                0x000000000200ad88                __d2b
                0x000000000200ae40                __ratio
                0x000000000200aebc                _mprec_log10
                0x000000000200aefc                __copybits
                0x000000000200af44                __any_on
 .text          0x000000000200afa0      0x3e8 /home/david/devkitPro/devkitARM/bin/../lib/gcc/arm-none-eabi/4.7.1/../../../../arm-none-eabi/lib/thumb/libg.a(lib_a-reallocr.o)
                0x000000000200afa0                _realloc_r
 .text          0x000000000200b388       0x7c /home/david/devkitPro/devkitARM/bin/../lib/gcc/arm-none-eabi/4.7.1/../../../../arm-none-eabi/lib/thumb/libg.a(lib_a-sccl.o)
                0x000000000200b388                __sccl
 .text          0x000000000200b404       0x5c /home/david/devkitPro/devkitARM/bin/../lib/gcc/arm-none-eabi/4.7.1/../../../../arm-none-eabi/lib/thumb/libg.a(lib_a-s_fpclassify.o)
                0x000000000200b404                __fpclassifyd
 .text          0x000000000200b460       0x50 /home/david/devkitPro/devkitARM/bin/../lib/gcc/arm-none-eabi/4.7.1/../../../../arm-none-eabi/lib/thumb/libg.a(lib_a-strcasecmp.o)
                0x000000000200b460                strcasecmp
 .text          0x000000000200b4b0       0x50 /home/david/devkitPro/devkitARM/bin/../lib/gcc/arm-none-eabi/4.7.1/../../../../arm-none-eabi/lib/thumb/libg.a(lib_a-strcat.o)
                0x000000000200b4b0                strcat
 .text          0x000000000200b500       0xd4 /home/david/devkitPro/devkitARM/bin/../lib/gcc/arm-none-eabi/4.7.1/../../../../arm-none-eabi/lib/thumb/libg.a(lib_a-strchr.o)
                0x000000000200b500                strchr
 .text          0x000000000200b5d4       0x14 /home/david/devkitPro/devkitARM/bin/../lib/gcc/arm-none-eabi/4.7.1/../../../../arm-none-eabi/lib/thumb/libg.a(lib_a-strcmp.o)
                0x000000000200b5d4                strcmp
 .text          0x000000000200b5e8       0x10 /home/david/devkitPro/devkitARM/bin/../lib/gcc/arm-none-eabi/4.7.1/../../../../arm-none-eabi/lib/thumb/libg.a(lib_a-strcpy.o)
                0x000000000200b5e8                strcpy
 .text          0x000000000200b5f8       0x48 /home/david/devkitPro/devkitARM/bin/../lib/gcc/arm-none-eabi/4.7.1/../../../../arm-none-eabi/lib/thumb/libg.a(lib_a-strlcpy.o)
                0x000000000200b5f8                strlcpy
 .text          0x000000000200b640       0x60 /home/david/devkitPro/devkitARM/bin/../lib/gcc/arm-none-eabi/4.7.1/../../../../arm-none-eabi/lib/thumb/libg.a(lib_a-strncasecmp.o)
                0x000000000200b640                strncasecmp
 .text          0x000000000200b6a0       0xbc /home/david/devkitPro/devkitARM/bin/../lib/gcc/arm-none-eabi/4.7.1/../../../../arm-none-eabi/lib/thumb/libg.a(lib_a-strncmp.o)
                0x000000000200b6a0                strncmp
 .text          0x000000000200b75c       0x60 /home/david/devkitPro/devkitARM/bin/../lib/gcc/arm-none-eabi/4.7.1/../../../../arm-none-eabi/lib/thumb/libg.a(lib_a-strncpy.o)
                0x000000000200b75c                strncpy
 *fill*         0x000000000200b7bc        0x4 ff
 .text          0x000000000200b7c0      0x208 /home/david/devkitPro/devkitARM/bin/../lib/gcc/arm-none-eabi/4.7.1/../../../../arm-none-eabi/lib/thumb/libg.a(lib_a-strtoll_r.o)
                0x000000000200b7c0                _strtoll_r
 .text          0x000000000200b9c8      0x190 /home/david/devkitPro/devkitARM/bin/../lib/gcc/arm-none-eabi/4.7.1/../../../../arm-none-eabi/lib/thumb/libg.a(lib_a-strtol.o)
                0x000000000200b9c8                _strtol_r
                0x000000000200bb38                strtol
 .text          0x000000000200bb58      0x238 /home/david/devkitPro/devkitARM/bin/../lib/gcc/arm-none-eabi/4.7.1/../../../../arm-none-eabi/lib/thumb/libg.a(lib_a-strtoull_r.o)
                0x000000000200bb58                _strtoull_r
 .text          0x000000000200bd90      0x198 /home/david/devkitPro/devkitARM/bin/../lib/gcc/arm-none-eabi/4.7.1/../../../../arm-none-eabi/lib/thumb/libg.a(lib_a-strtoul.o)
                0x000000000200bd90                _strtoul_r
                0x000000000200bf08                strtoul
 .text          0x000000000200bf28      0x150 /home/david/devkitPro/devkitARM/bin/../lib/gcc/arm-none-eabi/4.7.1/../../../../arm-none-eabi/lib/thumb/libg.a(lib_a-wcsnrtombs.o)
                0x000000000200bf28                _wcsnrtombs_r
                0x000000000200c048                wcsnrtombs
 .text          0x000000000200c078       0x64 /home/david/devkitPro/devkitARM/bin/../lib/gcc/arm-none-eabi/4.7.1/../../../../arm-none-eabi/lib/thumb/libg.a(lib_a-callocr.o)
                0x000000000200c078                _calloc_r
 .text          0x000000000200c0dc       0xb0 /home/david/devkitPro/devkitARM/bin/../lib/gcc/arm-none-eabi/4.7.1/../../../../arm-none-eabi/lib/thumb/libg.a(lib_a-fclose.o)
                0x000000000200c0dc                _fclose_r
                0x000000000200c170                fclose
 .text          0x000000000200c18c       0xa8 /home/david/devkitPro/devkitARM/bin/../lib/gcc/arm-none-eabi/4.7.1/../../../../arm-none-eabi/lib/thumb/libg.a(lib_a-getenv_r.o)
                0x000000000200c18c                _findenv_r
                0x000000000200c224                _getenv_r
 .text          0x000000000200c234        0x0 /home/david/devkitPro/devkitARM/bin/../lib/gcc/arm-none-eabi/4.7.1/../../../../arm-none-eabi/lib/thumb/libg.a(lib_a-environ.o)
 .text          0x000000000200c234        0x8 /home/david/devkitPro/devkitARM/bin/../lib/gcc/arm-none-eabi/4.7.1/../../../../arm-none-eabi/lib/thumb/libg.a(lib_a-envlock.o)
                0x000000000200c234                __env_lock
                0x000000000200c238                __env_unlock
 .text          0x000000000200c23c      0x144 /home/david/devkitPro/devkitARM/bin/../lib/gcc/arm-none-eabi/4.7.1/../../../../arm-none-eabi/lib/thumb/libsysbase.a(iosupport.o)
                0x000000000200c23c                setDefaultDevice
                0x000000000200c250                FindDevice
                0x000000000200c2c0                RemoveDevice
                0x000000000200c2e4                AddDevice
                0x000000000200c360                GetDeviceOpTab
 .text          0x000000000200c380       0x50 /home/david/devkitPro/devkitARM/bin/../lib/gcc/arm-none-eabi/4.7.1/../../../../arm-none-eabi/lib/thumb/libsysbase.a(close.o)
                0x000000000200c380                _close_r
 .text          0x000000000200c3d0       0x50 /home/david/devkitPro/devkitARM/bin/../lib/gcc/arm-none-eabi/4.7.1/../../../../arm-none-eabi/lib/thumb/libsysbase.a(fstat.o)
                0x000000000200c3d0                _fstat_r
 .text          0x000000000200c420        0x4 /home/david/devkitPro/devkitARM/bin/../lib/gcc/arm-none-eabi/4.7.1/../../../../arm-none-eabi/lib/thumb/libsysbase.a(isatty.o)
                0x000000000200c420                _isatty_r
 .text          0x000000000200c424       0x50 /home/david/devkitPro/devkitARM/bin/../lib/gcc/arm-none-eabi/4.7.1/../../../../arm-none-eabi/lib/thumb/libsysbase.a(lseek.o)
                0x000000000200c424                _lseek_r
 .text          0x000000000200c474       0x50 /home/david/devkitPro/devkitARM/bin/../lib/gcc/arm-none-eabi/4.7.1/../../../../arm-none-eabi/lib/thumb/libsysbase.a(read.o)
                0x000000000200c474                _read_r
 .text          0x000000000200c4c4       0x54 /home/david/devkitPro/devkitARM/bin/../lib/gcc/arm-none-eabi/4.7.1/../../../../arm-none-eabi/lib/thumb/libsysbase.a(sbrk.o)
                0x000000000200c4c4                _sbrk_r
 .text          0x000000000200c518       0x44 /home/david/devkitPro/devkitARM/bin/../lib/gcc/arm-none-eabi/4.7.1/../../../../arm-none-eabi/lib/thumb/libsysbase.a(times.o)
                0x000000000200c518                _times
                0x000000000200c52c                _times_r
                0x000000000200c534                _gettimeofday_r
 .text          0x000000000200c55c       0x58 /home/david/devkitPro/devkitARM/bin/../lib/gcc/arm-none-eabi/4.7.1/../../../../arm-none-eabi/lib/thumb/libsysbase.a(write.o)
                0x000000000200c55c                _write_r
 .text          0x000000000200c5b4       0x18 /home/david/devkitPro/devkitARM/bin/../lib/gcc/arm-none-eabi/4.7.1/../../../../arm-none-eabi/lib/thumb/libsysbase.a(_exit.o)
                0x000000000200c5b4                _exit
 .text          0x000000000200c5cc        0x0 /home/david/devkitPro/devkitARM/bin/../lib/gcc/arm-none-eabi/4.7.1/../../../../arm-none-eabi/lib/thumb/libsysbase.a(malloc_vars.o)
 .text          0x000000000200c5cc       0x4c /home/david/devkitPro/devkitARM/bin/../lib/gcc/arm-none-eabi/4.7.1/../../../../arm-none-eabi/lib/thumb/libsysbase.a(build_argv.o)
                0x000000000200c5cc                build_argv
 .text          0x000000000200c618        0x0 /home/david/devkitPro/devkitARM/bin/../lib/gcc/arm-none-eabi/4.7.1/../../../../arm-none-eabi/lib/thumb/libsysbase.a(syscall_support.o)
 .text          0x000000000200c618       0x84 /home/david/devkitPro/devkitARM/bin/../lib/gcc/arm-none-eabi/4.7.1/../../../../arm-none-eabi/lib/thumb/libsysbase.a(handle_manager.o)
                0x000000000200c618                __release_handle
                0x000000000200c644                __alloc_handle
                0x000000000200c67c                __get_handle
 .text          0x000000000200c69c      0x11c /home/david/devkitPro/devkitARM/bin/../lib/gcc/arm-none-eabi/4.7.1/thumb/libgcc.a(_udivsi3.o)
                0x000000000200c69c                __udivsi3
                0x000000000200c69c                __aeabi_uidiv
                0x000000000200c798                __aeabi_uidivmod
 .text          0x000000000200c7b8      0x41c /home/david/devkitPro/devkitARM/bin/../lib/gcc/arm-none-eabi/4.7.1/thumb/libgcc.a(_arm_addsubdf3.o)
                0x000000000200c7b8                __aeabi_drsub
                0x000000000200c7c0                __aeabi_dsub
                0x000000000200c7c0                __subdf3
                0x000000000200c7c4                __adddf3
                0x000000000200c7c4                __aeabi_dadd
                0x000000000200cad4                __aeabi_ui2d
                0x000000000200cad4                __floatunsidf
                0x000000000200caf8                __floatsidf
                0x000000000200caf8                __aeabi_i2d
                0x000000000200cb20                __extendsfdf2
                0x000000000200cb20                __aeabi_f2d
                0x000000000200cb60                __aeabi_ul2d
                0x000000000200cb60                __floatundidf
                0x000000000200cb74                __floatdidf
                0x000000000200cb74                __aeabi_l2d
 .text          0x000000000200cbd4      0x49c /home/david/devkitPro/devkitARM/bin/../lib/gcc/arm-none-eabi/4.7.1/thumb/libgcc.a(_arm_muldivdf3.o)
                0x000000000200cbd4                __aeabi_dmul
                0x000000000200cbd4                __muldf3
                0x000000000200ce64                __aeabi_ddiv
                0x000000000200ce64                __divdf3
 .text          0x000000000200d070      0x144 /home/david/devkitPro/devkitARM/bin/../lib/gcc/arm-none-eabi/4.7.1/thumb/libgcc.a(_arm_cmpdf2.o)
                0x000000000200d070                __gtdf2
                0x000000000200d070                __gedf2
                0x000000000200d078                __ltdf2
                0x000000000200d078                __ledf2
                0x000000000200d080                __cmpdf2
                0x000000000200d080                __eqdf2
                0x000000000200d080                __nedf2
                0x000000000200d108                __aeabi_cdrcmple
                0x000000000200d124                __aeabi_cdcmple
                0x000000000200d124                __aeabi_cdcmpeq
                0x000000000200d13c                __aeabi_dcmpeq
                0x000000000200d154                __aeabi_dcmplt
                0x000000000200d16c                __aeabi_dcmple
                0x000000000200d184                __aeabi_dcmpge
                0x000000000200d19c                __aeabi_dcmpgt
 .text          0x000000000200d1b4       0x5c /home/david/devkitPro/devkitARM/bin/../lib/gcc/arm-none-eabi/4.7.1/thumb/libgcc.a(_arm_fixdfsi.o)
                0x000000000200d1b4                __fixdfsi
                0x000000000200d1b4                __aeabi_d2iz
 .text          0x000000000200d210       0x3c /home/david/devkitPro/devkitARM/bin/../lib/gcc/arm-none-eabi/4.7.1/thumb/libgcc.a(_aeabi_uldivmod.o)
                0x000000000200d210                __aeabi_uldivmod
 .text          0x000000000200d24c       0x4c /home/david/devkitPro/devkitARM/bin/../lib/gcc/arm-none-eabi/4.7.1/thumb/libgcc.a(_muldi3.o)
                0x000000000200d24c                __aeabi_lmul
                0x000000000200d24c                __muldi3
 .text          0x000000000200d298       0x7c /home/david/devkitPro/devkitARM/bin/../lib/gcc/arm-none-eabi/4.7.1/thumb/libgcc.a(bpabi.o)
                0x000000000200d298                __gnu_ldivmod_helper
                0x000000000200d2d8                __gnu_uldivmod_helper
 .text          0x000000000200d314      0x3d4 /home/david/devkitPro/devkitARM/bin/../lib/gcc/arm-none-eabi/4.7.1/thumb/libgcc.a(_divdi3.o)
                0x000000000200d314                __divdi3
 .text          0x000000000200d6e8      0x3a0 /home/david/devkitPro/devkitARM/bin/../lib/gcc/arm-none-eabi/4.7.1/thumb/libgcc.a(_udivdi3.o)
                0x000000000200d6e8                __udivdi3
 .text          0x000000000200da88       0x48 /home/david/devkitPro/devkitARM/bin/../lib/gcc/arm-none-eabi/4.7.1/thumb/libgcc.a(_clzsi2.o)
                0x000000000200da88                __clzsi2
 .text          0x000000000200dad0        0xc /home/david/devkitPro/devkitARM/bin/../lib/gcc/arm-none-eabi/4.7.1/../../../../arm-none-eabi/lib/thumb/libg.a(lib_a-errno.o)
                0x000000000200dad0                __errno
 .text          0x000000000200dadc        0x0 /home/david/devkitPro/devkitARM/bin/../lib/gcc/arm-none-eabi/4.7.1/thumb/crtend.o
 .text          0x000000000200dadc        0x0 /home/david/devkitPro/devkitARM/bin/../lib/gcc/arm-none-eabi/4.7.1/thumb/crtn.o
 *(.text.*)
 .text.startup  0x000000000200dadc       0x6c main.o
                0x000000000200dadc                main
 .text.startup.stub
                0x000000000200db48       0xc8 linker stubs
 *(.stub)
 *(.gnu.warning)
 *(.gnu.linkonce.t*)
 *(.glue_7)
 .glue_7        0x0000000000000000        0x0 linker stubs
 *(.glue_7t)
 .glue_7t       0x0000000000000000        0x0 linker stubs
                0x000000000200dc10                . = ALIGN (0x4)

.vfp11_veneer   0x000000000200dc20        0x0
 .vfp11_veneer  0x0000000000000000        0x0 linker stubs

.v4_bx          0x000000000200dc20        0x0
 .v4_bx         0x0000000000000000        0x0 linker stubs

.iplt           0x000000000200dc20        0x0
 .iplt          0x0000000000000000        0x0 /home/david/devkitPro/devkitARM/bin/../lib/gcc/arm-none-eabi/4.7.1/../../../../arm-none-eabi/lib/thumb/ds_arm9_crt0.o

.fini           0x000000000200dc20        0xc
 *(.fini)
 .fini          0x000000000200dc20        0x4 /home/david/devkitPro/devkitARM/bin/../lib/gcc/arm-none-eabi/4.7.1/thumb/crti.o
                0x000000000200dc20                _fini
 .fini          0x000000000200dc24        0x8 /home/david/devkitPro/devkitARM/bin/../lib/gcc/arm-none-eabi/4.7.1/thumb/crtn.o
                0x000000000200dc2c                __text_end = .

.rodata         0x000000000200dc30     0x6738
 *(.rodata)
 .rodata        0x000000000200dc30      0x200 /home/david/devkitPro/libnds/lib/libnds9.a(console.o)
 .rodata        0x000000000200de30     0x2004 /home/david/devkitPro/libnds/lib/libnds9.a(default_font.bin.o)
                0x000000000200de30                default_font_bin
                0x000000000200fe30                default_font_bin_end
                0x000000000200fe30                default_font_bin_size
 .rodata        0x000000000200fe34      0x308 /home/david/devkitPro/libnds/lib/libnds9.a(trig.o)
                0x000000000200fe34                SIN_LUT
                0x000000000200ff38                TAN_LUT
 .rodata        0x000000000201013c        0x4 /home/david/devkitPro/devkitARM/bin/../lib/gcc/arm-none-eabi/4.7.1/../../../../arm-none-eabi/lib/thumb/libg.a(lib_a-impure.o)
                0x000000000201013c                _global_impure_ptr
 .rodata        0x0000000002010140      0x340 /home/david/devkitPro/devkitARM/bin/../lib/gcc/arm-none-eabi/4.7.1/../../../../arm-none-eabi/lib/thumb/libg.a(lib_a-svfiscanf.o)
 .rodata        0x0000000002010480      0x184 /home/david/devkitPro/devkitARM/bin/../lib/gcc/arm-none-eabi/4.7.1/../../../../arm-none-eabi/lib/thumb/libg.a(lib_a-vfiprintf.o)
 .rodata        0x0000000002010604      0x184 /home/david/devkitPro/devkitARM/bin/../lib/gcc/arm-none-eabi/4.7.1/../../../../arm-none-eabi/lib/thumb/libg.a(lib_a-vfprintf.o)
 .rodata        0x0000000002010788      0x104 /home/david/devkitPro/devkitARM/bin/../lib/gcc/arm-none-eabi/4.7.1/../../../../arm-none-eabi/lib/thumb/libg.a(lib_a-ctype_.o)
                0x0000000002010788                _ctype_
 .rodata        0x000000000201088c     0x34f0 /home/david/devkitPro/devkitARM/bin/../lib/gcc/arm-none-eabi/4.7.1/../../../../arm-none-eabi/lib/thumb/libg.a(lib_a-jp2uc.o)
 .rodata        0x0000000002013d7c       0xf0 /home/david/devkitPro/devkitARM/bin/../lib/gcc/arm-none-eabi/4.7.1/../../../../arm-none-eabi/lib/thumb/libg.a(lib_a-locale.o)
 .rodata        0x0000000002013e6c       0xa8 /home/david/devkitPro/devkitARM/bin/../lib/gcc/arm-none-eabi/4.7.1/../../../../arm-none-eabi/lib/thumb/libg.a(lib_a-mbtowc_r.o)
 *fill*         0x0000000002013f14        0x4 ff
 .rodata        0x0000000002013f18      0x128 /home/david/devkitPro/devkitARM/bin/../lib/gcc/arm-none-eabi/4.7.1/../../../../arm-none-eabi/lib/thumb/libg.a(lib_a-mprec.o)
                0x0000000002013f28                __mprec_tens
                0x0000000002013ff0                __mprec_tinytens
                0x0000000002014018                __mprec_bigtens
 .rodata        0x0000000002014040       0x64 /home/david/devkitPro/devkitARM/bin/../lib/gcc/arm-none-eabi/4.7.1/../../../../arm-none-eabi/lib/thumb/libsysbase.a(iosupport.o)
                0x0000000002014040                dotab_stdnull
 *all.rodata*(*)
 *(.roda)
 *(.rodata.*)
 .rodata.str1.4
                0x00000000020140a4       0xef snake.o
                                         0xf0 (size before relaxing)
 *fill*         0x0000000002014193        0x1 ff
 .rodata.str1.4
                0x0000000002014194       0x49 /home/david/devkitPro/libnds/lib/libnds9.a(console.o)
                                         0x4c (size before relaxing)
 *fill*         0x00000000020141dd        0x3 ff
 .rodata.str1.4
                0x00000000020141e0        0x2 /home/david/devkitPro/devkitARM/bin/../lib/gcc/arm-none-eabi/4.7.1/../../../../arm-none-eabi/lib/thumb/libg.a(lib_a-impure.o)
                                          0x4 (size before relaxing)
 *fill*         0x00000000020141e2        0x2 ff
 .rodata.str1.4
                0x00000000020141e4       0x2f /home/david/devkitPro/devkitARM/bin/../lib/gcc/arm-none-eabi/4.7.1/../../../../arm-none-eabi/lib/thumb/libg.a(lib_a-vfiprintf.o)
                                         0x30 (size before relaxing)
 *fill*         0x0000000002014213        0x1 ff
 .rodata.str1.4
                0x0000000002014214       0x12 /home/david/devkitPro/devkitARM/bin/../lib/gcc/arm-none-eabi/4.7.1/../../../../arm-none-eabi/lib/thumb/libg.a(lib_a-vfprintf.o)
                                         0x44 (size before relaxing)
 *fill*         0x0000000002014226        0x2 ff
 .rodata.str1.4
                0x0000000002014228       0x10 /home/david/devkitPro/devkitARM/bin/../lib/gcc/arm-none-eabi/4.7.1/../../../../arm-none-eabi/lib/thumb/libg.a(lib_a-dtoa.o)
                                         0x14 (size before relaxing)
 .rodata.str1.4
                0x0000000002014238       0x12 /home/david/devkitPro/devkitARM/bin/../lib/gcc/arm-none-eabi/4.7.1/../../../../arm-none-eabi/lib/thumb/libg.a(lib_a-jp2uc.o)
                                         0x14 (size before relaxing)
 *fill*         0x000000000201424a        0x2 ff
 .rodata.str1.4
                0x000000000201424c      0x112 /home/david/devkitPro/devkitARM/bin/../lib/gcc/arm-none-eabi/4.7.1/../../../../arm-none-eabi/lib/thumb/libg.a(lib_a-locale.o)
                                        0x130 (size before relaxing)
 .rodata.str1.4
                0x0000000000000000        0x4 /home/david/devkitPro/devkitARM/bin/../lib/gcc/arm-none-eabi/4.7.1/../../../../arm-none-eabi/lib/thumb/libg.a(lib_a-mbrtowc.o)
 *fill*         0x000000000201435e        0x2 ff
 .rodata.str1.4
                0x0000000002014360        0x8 /home/david/devkitPro/devkitARM/bin/../lib/gcc/arm-none-eabi/4.7.1/../../../../arm-none-eabi/lib/thumb/libsysbase.a(iosupport.o)
 *(.gnu.linkonce.r*)
                0x0000000002014368                . = ALIGN (0x4)

.rel.dyn        0x0000000002014368        0x0
 .rel.iplt      0x0000000000000000        0x0 /home/david/devkitPro/devkitARM/bin/../lib/gcc/arm-none-eabi/4.7.1/../../../../arm-none-eabi/lib/thumb/ds_arm9_crt0.o

.ARM.extab
 *(.ARM.extab* .gnu.linkonce.armextab.*)
                0x0000000002014368                __exidx_start = .

ARM.exidx
 *(.ARM.exidx* .gnu.linkonce.armexidx.*)
                0x0000000002014368                __exidx_end = .
                0x0000000002014368                . = ALIGN (0x4)
                0x0000000002014368                PROVIDE (__preinit_array_start, .)

.preinit_array
 *(.preinit_array)
                0x0000000002014368                PROVIDE (__preinit_array_end, .)
                0x0000000002014368                PROVIDE (__init_array_start, .)

.init_array     0x0000000002014368        0x4
 *(SORT(.init_array.*))
 *(.init_array)
 .init_array    0x0000000002014368        0x4 /home/david/devkitPro/devkitARM/bin/../lib/gcc/arm-none-eabi/4.7.1/thumb/crtbegin.o
                0x000000000201436c                PROVIDE (__init_array_end, .)
                0x000000000201436c                PROVIDE (__fini_array_start, .)

.fini_array     0x000000000201436c        0x4
 *(.fini_array)
 .fini_array    0x000000000201436c        0x4 /home/david/devkitPro/devkitARM/bin/../lib/gcc/arm-none-eabi/4.7.1/thumb/crtbegin.o
 *(SORT(.fini_array.*))
                0x0000000002014370                PROVIDE (__fini_array_end, .)

.ctors          0x0000000002014370        0x0
 *crtbegin.o(.ctors)
 *(EXCLUDE_FILE(*crtend.o) .ctors)
 *(SORT(.ctors.*))
 *(.ctors)
                0x0000000002014370                . = ALIGN (0x4)

.dtors          0x0000000002014370        0x0
 *crtbegin.o(.dtors)
 *(EXCLUDE_FILE(*crtend.o) .dtors)
 *(SORT(.dtors.*))
 *(.dtors)
                0x0000000002014370                . = ALIGN (0x4)

.eh_frame       0x0000000002014370        0x4
 *(.eh_frame)
 .eh_frame      0x0000000002014370        0x0 /home/david/devkitPro/devkitARM/bin/../lib/gcc/arm-none-eabi/4.7.1/thumb/crtbegin.o
 .eh_frame      0x0000000002014370        0x4 /home/david/devkitPro/devkitARM/bin/../lib/gcc/arm-none-eabi/4.7.1/thumb/crtend.o
                0x0000000002014374                . = ALIGN (0x4)

.gcc_except_table
                0x0000000002014374        0x0
 *(.gcc_except_table)
                0x0000000002014374                . = ALIGN (0x4)

.jcr            0x0000000002014374        0x4
 *(.jcr)
 .jcr           0x0000000002014374        0x0 /home/david/devkitPro/devkitARM/bin/../lib/gcc/arm-none-eabi/4.7.1/thumb/crtbegin.o
 .jcr           0x0000000002014374        0x4 /home/david/devkitPro/devkitARM/bin/../lib/gcc/arm-none-eabi/4.7.1/thumb/crtend.o

.got
 *(.got.plt)
 *(.got)
 *(.rel.got)

.ewram          0x0000000002014378        0x0
                0x0000000002014378                __ewram_start = ABSOLUTE (.)
 *(.ewram)
 *ewram.*(.text)
                0x0000000002014378                . = ALIGN (0x4)

.data           0x0000000002014378      0xaf0
                0x0000000002014378                __data_start = ABSOLUTE (.)
 *(.data)
 .data          0x0000000002014378        0x0 /home/david/devkitPro/devkitARM/bin/../lib/gcc/arm-none-eabi/4.7.1/../../../../arm-none-eabi/lib/thumb/ds_arm9_crt0.o
 .data          0x0000000002014378        0x0 /home/david/devkitPro/devkitARM/bin/../lib/gcc/arm-none-eabi/4.7.1/thumb/crti.o
 .data          0x0000000002014378        0x4 /home/david/devkitPro/devkitARM/bin/../lib/gcc/arm-none-eabi/4.7.1/thumb/crtbegin.o
                0x0000000002014378                __dso_handle
 .data          0x000000000201437c        0x0 soundbank.bin.o
 .data          0x000000000201437c        0x0 main.o
 .data          0x000000000201437c        0x0 snake.o
 .data          0x000000000201437c       0x64 /home/david/devkitPro/libnds/lib/libnds9.a(console.o)
                0x000000000201437c                currentConsole
                0x0000000002014380                defaultConsole
 .data          0x00000000020143e0        0x3 /home/david/devkitPro/libnds/lib/libnds9.a(keys.o)
 .data          0x00000000020143e3        0x0 /home/david/devkitPro/libnds/lib/libnds9.a(initSystem.o)
 *fill*         0x00000000020143e3        0x1 ff
 .data          0x00000000020143e4       0x10 /home/david/devkitPro/libnds/lib/libnds9.a(fifosystem.o)
                0x00000000020143e4                fifo_buffer_free
                0x00000000020143e8                fifo_freewords
                0x00000000020143ec                fifo_send_queue
                0x00000000020143f0                fifo_receive_queue
 .data          0x00000000020143f4        0x0 /home/david/devkitPro/libnds/lib/libnds9.a(interrupts.o)
 .data          0x00000000020143f4        0x0 /home/david/devkitPro/libnds/lib/libnds9.a(libnds_exit.arm.o)
 .data          0x00000000020143f4        0x0 /home/david/devkitPro/libnds/lib/libnds9.a(mpu_setup.o)
 .data          0x00000000020143f4        0x0 /home/david/devkitPro/libnds/lib/libnds9.a(biosCalls.o)
 .data          0x00000000020143f4        0x0 /home/david/devkitPro/libnds/lib/libnds9.a(debugprint.o)
 .data          0x00000000020143f4        0x0 /home/david/devkitPro/libnds/lib/libnds9.a(interruptDispatcher.o)
 .data          0x00000000020143f4        0x0 /home/david/devkitPro/libnds/lib/libnds9.a(swiSoftReset.o)
 .data          0x00000000020143f4        0x0 /home/david/devkitPro/libnds/lib/libnds9.a(default_font.bin.o)
 .data          0x00000000020143f4       0x60 /home/david/devkitPro/libnds/lib/libnds9.a(background.o)
                0x00000000020143f4                bgScrollTable
                0x0000000002014414                bgTransform
                0x0000000002014434                bgControl
 .data          0x0000000002014454        0x0 /home/david/devkitPro/libnds/lib/libnds9.a(system.o)
 .data          0x0000000002014454        0x0 /home/david/devkitPro/libnds/lib/libnds9.a(trig.o)
 .data          0x0000000002014454        0x0 /home/david/devkitPro/libnds/lib/libnds9.a(video.o)
 .data          0x0000000002014454        0x0 /home/david/devkitPro/devkitARM/bin/../lib/gcc/arm-none-eabi/4.7.1/thumb/libgcc.a(_divsi3.o)
 .data          0x0000000002014454        0x0 /home/david/devkitPro/devkitARM/bin/../lib/gcc/arm-none-eabi/4.7.1/thumb/libgcc.a(_dvmd_tls.o)
 .data          0x0000000002014454        0x0 /home/david/devkitPro/devkitARM/bin/../lib/gcc/arm-none-eabi/4.7.1/../../../../arm-none-eabi/lib/thumb/libg.a(lib_a-bsearch.o)
 .data          0x0000000002014454        0x0 /home/david/devkitPro/devkitARM/bin/../lib/gcc/arm-none-eabi/4.7.1/../../../../arm-none-eabi/lib/thumb/libg.a(lib_a-exit.o)
 *fill*         0x0000000002014454        0x4 ff
 .data          0x0000000002014458      0x430 /home/david/devkitPro/devkitARM/bin/../lib/gcc/arm-none-eabi/4.7.1/../../../../arm-none-eabi/lib/thumb/libg.a(lib_a-impure.o)
                0x0000000002014458                _impure_ptr
 .data          0x0000000002014888        0x0 /home/david/devkitPro/devkitARM/bin/../lib/gcc/arm-none-eabi/4.7.1/../../../../arm-none-eabi/lib/thumb/libg.a(lib_a-init.o)
 .data          0x0000000002014888        0x0 /home/david/devkitPro/devkitARM/bin/../lib/gcc/arm-none-eabi/4.7.1/../../../../arm-none-eabi/lib/thumb/libg.a(lib_a-iprintf.o)
 .data          0x0000000002014888        0x0 /home/david/devkitPro/devkitARM/bin/../lib/gcc/arm-none-eabi/4.7.1/../../../../arm-none-eabi/lib/thumb/libg.a(lib_a-malloc.o)
 .data          0x0000000002014888      0x410 /home/david/devkitPro/devkitARM/bin/../lib/gcc/arm-none-eabi/4.7.1/../../../../arm-none-eabi/lib/thumb/libg.a(lib_a-mallocr.o)
                0x0000000002014888                __malloc_av_
                0x0000000002014c90                __malloc_sbrk_base
                0x0000000002014c94                __malloc_trim_threshold
 .data          0x0000000002014c98        0x0 /home/david/devkitPro/devkitARM/bin/../lib/gcc/arm-none-eabi/4.7.1/../../../../arm-none-eabi/lib/thumb/libg.a(lib_a-memcpy-stub.o)
 .data          0x0000000002014c98        0x0 /home/david/devkitPro/devkitARM/bin/../lib/gcc/arm-none-eabi/4.7.1/../../../../arm-none-eabi/lib/thumb/libg.a(lib_a-mlock.o)
 .data          0x0000000002014c98        0x0 /home/david/devkitPro/devkitARM/bin/../lib/gcc/arm-none-eabi/4.7.1/../../../../arm-none-eabi/lib/thumb/libg.a(lib_a-printf.o)
 .data          0x0000000002014c98        0x0 /home/david/devkitPro/devkitARM/bin/../lib/gcc/arm-none-eabi/4.7.1/../../../../arm-none-eabi/lib/thumb/libg.a(lib_a-putchar.o)
 .data          0x0000000002014c98        0x0 /home/david/devkitPro/devkitARM/bin/../lib/gcc/arm-none-eabi/4.7.1/../../../../arm-none-eabi/lib/thumb/libg.a(lib_a-putc.o)
 .data          0x0000000002014c98        0x0 /home/david/devkitPro/devkitARM/bin/../lib/gcc/arm-none-eabi/4.7.1/../../../../arm-none-eabi/lib/thumb/libg.a(lib_a-rand.o)
 .data          0x0000000002014c98        0x0 /home/david/devkitPro/devkitARM/bin/../lib/gcc/arm-none-eabi/4.7.1/../../../../arm-none-eabi/lib/thumb/libg.a(lib_a-setvbuf.o)
 .data          0x0000000002014c98        0x0 /home/david/devkitPro/devkitARM/bin/../lib/gcc/arm-none-eabi/4.7.1/../../../../arm-none-eabi/lib/thumb/libg.a(lib_a-siscanf.o)
 .data          0x0000000002014c98        0x0 /home/david/devkitPro/devkitARM/bin/../lib/gcc/arm-none-eabi/4.7.1/../../../../arm-none-eabi/lib/thumb/libg.a(lib_a-stdio.o)
 .data          0x0000000002014c98        0x0 /home/david/devkitPro/devkitARM/bin/../lib/gcc/arm-none-eabi/4.7.1/../../../../arm-none-eabi/lib/thumb/libg.a(lib_a-strlen.o)
 .data          0x0000000002014c98        0x0 /home/david/devkitPro/devkitARM/bin/../lib/gcc/arm-none-eabi/4.7.1/../../../../arm-none-eabi/lib/thumb/libg.a(lib_a-svfiscanf.o)
 .data          0x0000000002014c98        0x0 /home/david/devkitPro/devkitARM/bin/../lib/gcc/arm-none-eabi/4.7.1/../../../../arm-none-eabi/lib/thumb/libg.a(lib_a-time.o)
 .data          0x0000000002014c98        0x0 /home/david/devkitPro/devkitARM/bin/../lib/gcc/arm-none-eabi/4.7.1/../../../../arm-none-eabi/lib/thumb/libg.a(lib_a-ungetc.o)
 .data          0x0000000002014c98        0x0 /home/david/devkitPro/devkitARM/bin/../lib/gcc/arm-none-eabi/4.7.1/../../../../arm-none-eabi/lib/thumb/libg.a(lib_a-vfiprintf.o)
 .data          0x0000000002014c98        0x0 /home/david/devkitPro/devkitARM/bin/../lib/gcc/arm-none-eabi/4.7.1/../../../../arm-none-eabi/lib/thumb/libg.a(lib_a-vfprintf.o)
 .data          0x0000000002014c98        0x0 /home/david/devkitPro/devkitARM/bin/../lib/gcc/arm-none-eabi/4.7.1/../../../../arm-none-eabi/lib/thumb/libg.a(lib_a-wbuf.o)
 .data          0x0000000002014c98        0x0 /home/david/devkitPro/devkitARM/bin/../lib/gcc/arm-none-eabi/4.7.1/../../../../arm-none-eabi/lib/thumb/libg.a(lib_a-wcrtomb.o)
 .data          0x0000000002014c98        0x0 /home/david/devkitPro/devkitARM/bin/../lib/gcc/arm-none-eabi/4.7.1/../../../../arm-none-eabi/lib/thumb/libg.a(lib_a-wcsrtombs.o)
 .data          0x0000000002014c98        0x4 /home/david/devkitPro/devkitARM/bin/../lib/gcc/arm-none-eabi/4.7.1/../../../../arm-none-eabi/lib/thumb/libg.a(lib_a-wctomb_r.o)
                0x0000000002014c98                __wctomb
 .data          0x0000000002014c9c        0x0 /home/david/devkitPro/devkitARM/bin/../lib/gcc/arm-none-eabi/4.7.1/../../../../arm-none-eabi/lib/thumb/libg.a(lib_a-wsetup.o)
 .data          0x0000000002014c9c        0x0 /home/david/devkitPro/devkitARM/bin/../lib/gcc/arm-none-eabi/4.7.1/../../../../arm-none-eabi/lib/thumb/libg.a(lib_a-__call_atexit.o)
 .data          0x0000000002014c9c        0x4 /home/david/devkitPro/devkitARM/bin/../lib/gcc/arm-none-eabi/4.7.1/../../../../arm-none-eabi/lib/thumb/libg.a(lib_a-ctype_.o)
                0x0000000002014c9c                __ctype_ptr__
 .data          0x0000000002014ca0        0x0 /home/david/devkitPro/devkitARM/bin/../lib/gcc/arm-none-eabi/4.7.1/../../../../arm-none-eabi/lib/thumb/libg.a(lib_a-dtoa.o)
 .data          0x0000000002014ca0        0x0 /home/david/devkitPro/devkitARM/bin/../lib/gcc/arm-none-eabi/4.7.1/../../../../arm-none-eabi/lib/thumb/libg.a(lib_a-fflush.o)
 .data          0x0000000002014ca0        0x0 /home/david/devkitPro/devkitARM/bin/../lib/gcc/arm-none-eabi/4.7.1/../../../../arm-none-eabi/lib/thumb/libg.a(lib_a-findfp.o)
 .data          0x0000000002014ca0        0x0 /home/david/devkitPro/devkitARM/bin/../lib/gcc/arm-none-eabi/4.7.1/../../../../arm-none-eabi/lib/thumb/libg.a(lib_a-fputwc.o)
 .data          0x0000000002014ca0        0x0 /home/david/devkitPro/devkitARM/bin/../lib/gcc/arm-none-eabi/4.7.1/../../../../arm-none-eabi/lib/thumb/libg.a(lib_a-freer.o)
 .data          0x0000000002014ca0        0x0 /home/david/devkitPro/devkitARM/bin/../lib/gcc/arm-none-eabi/4.7.1/../../../../arm-none-eabi/lib/thumb/libg.a(lib_a-fvwrite.o)
 .data          0x0000000002014ca0        0x0 /home/david/devkitPro/devkitARM/bin/../lib/gcc/arm-none-eabi/4.7.1/../../../../arm-none-eabi/lib/thumb/libg.a(lib_a-fwalk.o)
 .data          0x0000000002014ca0        0x0 /home/david/devkitPro/devkitARM/bin/../lib/gcc/arm-none-eabi/4.7.1/../../../../arm-none-eabi/lib/thumb/libg.a(lib_a-iswspace.o)
 .data          0x0000000002014ca0        0x0 /home/david/devkitPro/devkitARM/bin/../lib/gcc/arm-none-eabi/4.7.1/../../../../arm-none-eabi/lib/thumb/libg.a(lib_a-jp2uc.o)
 .data          0x0000000002014ca0      0x17c /home/david/devkitPro/devkitARM/bin/../lib/gcc/arm-none-eabi/4.7.1/../../../../arm-none-eabi/lib/thumb/libg.a(lib_a-locale.o)
                0x0000000002014ca0                __default_locale
                0x0000000002014dc0                __mb_cur_max
 .data          0x0000000002014e1c        0x0 /home/david/devkitPro/devkitARM/bin/../lib/gcc/arm-none-eabi/4.7.1/../../../../arm-none-eabi/lib/thumb/libg.a(lib_a-makebuf.o)
 .data          0x0000000002014e1c        0x0 /home/david/devkitPro/devkitARM/bin/../lib/gcc/arm-none-eabi/4.7.1/../../../../arm-none-eabi/lib/thumb/libg.a(lib_a-mbrtowc.o)
 .data          0x0000000002014e1c        0x4 /home/david/devkitPro/devkitARM/bin/../lib/gcc/arm-none-eabi/4.7.1/../../../../arm-none-eabi/lib/thumb/libg.a(lib_a-mbtowc_r.o)
                0x0000000002014e1c                __mbtowc
 .data          0x0000000002014e20        0x0 /home/david/devkitPro/devkitARM/bin/../lib/gcc/arm-none-eabi/4.7.1/../../../../arm-none-eabi/lib/thumb/libg.a(lib_a-memchr-stub.o)
 .data          0x0000000002014e20        0x0 /home/david/devkitPro/devkitARM/bin/../lib/gcc/arm-none-eabi/4.7.1/../../../../arm-none-eabi/lib/thumb/libg.a(lib_a-memmove.o)
 .data          0x0000000002014e20        0x0 /home/david/devkitPro/devkitARM/bin/../lib/gcc/arm-none-eabi/4.7.1/../../../../arm-none-eabi/lib/thumb/libg.a(lib_a-memset.o)
 .data          0x0000000002014e20        0x0 /home/david/devkitPro/devkitARM/bin/../lib/gcc/arm-none-eabi/4.7.1/../../../../arm-none-eabi/lib/thumb/libg.a(lib_a-mprec.o)
 .data          0x0000000002014e20        0x0 /home/david/devkitPro/devkitARM/bin/../lib/gcc/arm-none-eabi/4.7.1/../../../../arm-none-eabi/lib/thumb/libg.a(lib_a-reallocr.o)
 .data          0x0000000002014e20        0x0 /home/david/devkitPro/devkitARM/bin/../lib/gcc/arm-none-eabi/4.7.1/../../../../arm-none-eabi/lib/thumb/libg.a(lib_a-sccl.o)
 .data          0x0000000002014e20        0x0 /home/david/devkitPro/devkitARM/bin/../lib/gcc/arm-none-eabi/4.7.1/../../../../arm-none-eabi/lib/thumb/libg.a(lib_a-s_fpclassify.o)
 .data          0x0000000002014e20        0x0 /home/david/devkitPro/devkitARM/bin/../lib/gcc/arm-none-eabi/4.7.1/../../../../arm-none-eabi/lib/thumb/libg.a(lib_a-strcasecmp.o)
 .data          0x0000000002014e20        0x0 /home/david/devkitPro/devkitARM/bin/../lib/gcc/arm-none-eabi/4.7.1/../../../../arm-none-eabi/lib/thumb/libg.a(lib_a-strcat.o)
 .data          0x0000000002014e20        0x0 /home/david/devkitPro/devkitARM/bin/../lib/gcc/arm-none-eabi/4.7.1/../../../../arm-none-eabi/lib/thumb/libg.a(lib_a-strchr.o)
 .data          0x0000000002014e20        0x0 /home/david/devkitPro/devkitARM/bin/../lib/gcc/arm-none-eabi/4.7.1/../../../../arm-none-eabi/lib/thumb/libg.a(lib_a-strcmp.o)
 .data          0x0000000002014e20        0x0 /home/david/devkitPro/devkitARM/bin/../lib/gcc/arm-none-eabi/4.7.1/../../../../arm-none-eabi/lib/thumb/libg.a(lib_a-strcpy.o)
 .data          0x0000000002014e20        0x0 /home/david/devkitPro/devkitARM/bin/../lib/gcc/arm-none-eabi/4.7.1/../../../../arm-none-eabi/lib/thumb/libg.a(lib_a-strlcpy.o)
 .data          0x0000000002014e20        0x0 /home/david/devkitPro/devkitARM/bin/../lib/gcc/arm-none-eabi/4.7.1/../../../../arm-none-eabi/lib/thumb/libg.a(lib_a-strncasecmp.o)
 .data          0x0000000002014e20        0x0 /home/david/devkitPro/devkitARM/bin/../lib/gcc/arm-none-eabi/4.7.1/../../../../arm-none-eabi/lib/thumb/libg.a(lib_a-strncmp.o)
 .data          0x0000000002014e20        0x0 /home/david/devkitPro/devkitARM/bin/../lib/gcc/arm-none-eabi/4.7.1/../../../../arm-none-eabi/lib/thumb/libg.a(lib_a-strncpy.o)
 .data          0x0000000002014e20        0x0 /home/david/devkitPro/devkitARM/bin/../lib/gcc/arm-none-eabi/4.7.1/../../../../arm-none-eabi/lib/thumb/libg.a(lib_a-strtoll_r.o)
 .data          0x0000000002014e20        0x0 /home/david/devkitPro/devkitARM/bin/../lib/gcc/arm-none-eabi/4.7.1/../../../../arm-none-eabi/lib/thumb/libg.a(lib_a-strtol.o)
 .data          0x0000000002014e20        0x0 /home/david/devkitPro/devkitARM/bin/../lib/gcc/arm-none-eabi/4.7.1/../../../../arm-none-eabi/lib/thumb/libg.a(lib_a-strtoull_r.o)
 .data          0x0000000002014e20        0x0 /home/david/devkitPro/devkitARM/bin/../lib/gcc/arm-none-eabi/4.7.1/../../../../arm-none-eabi/lib/thumb/libg.a(lib_a-strtoul.o)
 .data          0x0000000002014e20        0x0 /home/david/devkitPro/devkitARM/bin/../lib/gcc/arm-none-eabi/4.7.1/../../../../arm-none-eabi/lib/thumb/libg.a(lib_a-wcsnrtombs.o)
 .data          0x0000000002014e20        0x0 /home/david/devkitPro/devkitARM/bin/../lib/gcc/arm-none-eabi/4.7.1/../../../../arm-none-eabi/lib/thumb/libg.a(lib_a-callocr.o)
 .data          0x0000000002014e20        0x0 /home/david/devkitPro/devkitARM/bin/../lib/gcc/arm-none-eabi/4.7.1/../../../../arm-none-eabi/lib/thumb/libg.a(lib_a-fclose.o)
 .data          0x0000000002014e20        0x0 /home/david/devkitPro/devkitARM/bin/../lib/gcc/arm-none-eabi/4.7.1/../../../../arm-none-eabi/lib/thumb/libg.a(lib_a-getenv_r.o)
 .data          0x0000000002014e20        0x4 /home/david/devkitPro/devkitARM/bin/../lib/gcc/arm-none-eabi/4.7.1/../../../../arm-none-eabi/lib/thumb/libg.a(lib_a-environ.o)
                0x0000000002014e20                environ
 .data          0x0000000002014e24        0x0 /home/david/devkitPro/devkitARM/bin/../lib/gcc/arm-none-eabi/4.7.1/../../../../arm-none-eabi/lib/thumb/libg.a(lib_a-envlock.o)
 .data          0x0000000002014e24       0x44 /home/david/devkitPro/devkitARM/bin/../lib/gcc/arm-none-eabi/4.7.1/../../../../arm-none-eabi/lib/thumb/libsysbase.a(iosupport.o)
                0x0000000002014e28                devoptab_list
 .data          0x0000000002014e68        0x0 /home/david/devkitPro/devkitARM/bin/../lib/gcc/arm-none-eabi/4.7.1/../../../../arm-none-eabi/lib/thumb/libsysbase.a(close.o)
 .data          0x0000000002014e68        0x0 /home/david/devkitPro/devkitARM/bin/../lib/gcc/arm-none-eabi/4.7.1/../../../../arm-none-eabi/lib/thumb/libsysbase.a(fstat.o)
 .data          0x0000000002014e68        0x0 /home/david/devkitPro/devkitARM/bin/../lib/gcc/arm-none-eabi/4.7.1/../../../../arm-none-eabi/lib/thumb/libsysbase.a(isatty.o)
 .data          0x0000000002014e68        0x0 /home/david/devkitPro/devkitARM/bin/../lib/gcc/arm-none-eabi/4.7.1/../../../../arm-none-eabi/lib/thumb/libsysbase.a(lseek.o)
 .data          0x0000000002014e68        0x0 /home/david/devkitPro/devkitARM/bin/../lib/gcc/arm-none-eabi/4.7.1/../../../../arm-none-eabi/lib/thumb/libsysbase.a(read.o)
 .data          0x0000000002014e68        0x0 /home/david/devkitPro/devkitARM/bin/../lib/gcc/arm-none-eabi/4.7.1/../../../../arm-none-eabi/lib/thumb/libsysbase.a(sbrk.o)
 .data          0x0000000002014e68        0x0 /home/david/devkitPro/devkitARM/bin/../lib/gcc/arm-none-eabi/4.7.1/../../../../arm-none-eabi/lib/thumb/libsysbase.a(times.o)
 .data          0x0000000002014e68        0x0 /home/david/devkitPro/devkitARM/bin/../lib/gcc/arm-none-eabi/4.7.1/../../../../arm-none-eabi/lib/thumb/libsysbase.a(write.o)
 .data          0x0000000002014e68        0x0 /home/david/devkitPro/devkitARM/bin/../lib/gcc/arm-none-eabi/4.7.1/../../../../arm-none-eabi/lib/thumb/libsysbase.a(_exit.o)
 .data          0x0000000002014e68        0x0 /home/david/devkitPro/devkitARM/bin/../lib/gcc/arm-none-eabi/4.7.1/../../../../arm-none-eabi/lib/thumb/libsysbase.a(malloc_vars.o)
 .data          0x0000000002014e68        0x0 /home/david/devkitPro/devkitARM/bin/../lib/gcc/arm-none-eabi/4.7.1/../../../../arm-none-eabi/lib/thumb/libsysbase.a(build_argv.o)
 .data          0x0000000002014e68        0x0 /home/david/devkitPro/devkitARM/bin/../lib/gcc/arm-none-eabi/4.7.1/../../../../arm-none-eabi/lib/thumb/libsysbase.a(syscall_support.o)
 .data          0x0000000002014e68        0x0 /home/david/devkitPro/devkitARM/bin/../lib/gcc/arm-none-eabi/4.7.1/../../../../arm-none-eabi/lib/thumb/libsysbase.a(handle_manager.o)
 .data          0x0000000002014e68        0x0 /home/david/devkitPro/devkitARM/bin/../lib/gcc/arm-none-eabi/4.7.1/thumb/libgcc.a(_udivsi3.o)
 .data          0x0000000002014e68        0x0 /home/david/devkitPro/devkitARM/bin/../lib/gcc/arm-none-eabi/4.7.1/thumb/libgcc.a(_arm_addsubdf3.o)
 .data          0x0000000002014e68        0x0 /home/david/devkitPro/devkitARM/bin/../lib/gcc/arm-none-eabi/4.7.1/thumb/libgcc.a(_arm_muldivdf3.o)
 .data          0x0000000002014e68        0x0 /home/david/devkitPro/devkitARM/bin/../lib/gcc/arm-none-eabi/4.7.1/thumb/libgcc.a(_arm_cmpdf2.o)
 .data          0x0000000002014e68        0x0 /home/david/devkitPro/devkitARM/bin/../lib/gcc/arm-none-eabi/4.7.1/thumb/libgcc.a(_arm_fixdfsi.o)
 .data          0x0000000002014e68        0x0 /home/david/devkitPro/devkitARM/bin/../lib/gcc/arm-none-eabi/4.7.1/thumb/libgcc.a(_aeabi_uldivmod.o)
 .data          0x0000000002014e68        0x0 /home/david/devkitPro/devkitARM/bin/../lib/gcc/arm-none-eabi/4.7.1/thumb/libgcc.a(_muldi3.o)
 .data          0x0000000002014e68        0x0 /home/david/devkitPro/devkitARM/bin/../lib/gcc/arm-none-eabi/4.7.1/thumb/libgcc.a(bpabi.o)
 .data          0x0000000002014e68        0x0 /home/david/devkitPro/devkitARM/bin/../lib/gcc/arm-none-eabi/4.7.1/thumb/libgcc.a(_divdi3.o)
 .data          0x0000000002014e68        0x0 /home/david/devkitPro/devkitARM/bin/../lib/gcc/arm-none-eabi/4.7.1/thumb/libgcc.a(_udivdi3.o)
 .data          0x0000000002014e68        0x0 /home/david/devkitPro/devkitARM/bin/../lib/gcc/arm-none-eabi/4.7.1/thumb/libgcc.a(_clzsi2.o)
 .data          0x0000000002014e68        0x0 /home/david/devkitPro/devkitARM/bin/../lib/gcc/arm-none-eabi/4.7.1/../../../../arm-none-eabi/lib/thumb/libg.a(lib_a-errno.o)
 .data          0x0000000002014e68        0x0 /home/david/devkitPro/devkitARM/bin/../lib/gcc/arm-none-eabi/4.7.1/thumb/crtend.o
 .data          0x0000000002014e68        0x0 /home/david/devkitPro/devkitARM/bin/../lib/gcc/arm-none-eabi/4.7.1/thumb/crtn.o
 *(.data.*)
 *(.gnu.linkonce.d*)
                0x0000000002014e68                . = ALIGN (0x4)
                0x0000000002014e68                __data_end = ABSOLUTE (.)
                0x0000000002014e68                __dtcm_lma = .
                0x0000000002014e68                __bss_vma = .

.igot.plt       0x0000000002014e68        0x0
 .igot.plt      0x0000000000000000        0x0 /home/david/devkitPro/devkitARM/bin/../lib/gcc/arm-none-eabi/4.7.1/../../../../arm-none-eabi/lib/thumb/ds_arm9_crt0.o

.tm_clone_table
                0x0000000002014e68        0x0
 .tm_clone_table
                0x0000000002014e68        0x0 /home/david/devkitPro/devkitARM/bin/../lib/gcc/arm-none-eabi/4.7.1/thumb/crtbegin.o
 .tm_clone_table
                0x0000000002014e68        0x0 /home/david/devkitPro/devkitARM/bin/../lib/gcc/arm-none-eabi/4.7.1/thumb/crtend.o

.dtcm           0x000000000b000000        0x0 load address 0x0000000002014e68
 *(.dtcm)
 *(.dtcm.*)
                0x000000000b000000                . = ALIGN (0x4)
                0x000000000b000000                __dtcm_end = ABSOLUTE (.)
                0x0000000002014e68                __itcm_lma = (__dtcm_lma + SIZEOF (.dtcm))

.itcm           0x0000000001000100      0x194 load address 0x0000000002014e68
 *(.itcm)
 .itcm          0x0000000001000100       0xc8 /home/david/devkitPro/libnds/lib/libnds9.a(interrupts.o)
                0x0000000001000100                irqTable
 .itcm          0x00000000010001c8       0xcc /home/david/devkitPro/libnds/lib/libnds9.a(interruptDispatcher.o)
                0x00000000010001c8                IntrMain
 *itcm.*(.text)
                0x0000000001000294                . = ALIGN (0x4)
                0x0000000001000294                __itcm_end = ABSOLUTE (.)
                0x0000000002014ffc                __vectors_lma = (__itcm_lma + SIZEOF (.itcm))

.vectors        0x0000000001000000        0x0 load address 0x0000000002014ffc
 *(.vectors)
 *vectors.*(.text)
                0x0000000001000000                . = ALIGN (0x4)
                0x0000000001000000                __vectors_end = ABSOLUTE (.)

.sbss           0x000000000b000000        0x0
                0x000000000b000000                __sbss_start = ABSOLUTE (.)
                0x000000000b000000                __sbss_start__ = ABSOLUTE (.)
 *(.sbss)
                0x000000000b000000                . = ALIGN (0x4)
                0x000000000b000000                __sbss_end = ABSOLUTE (.)

.bss            0x0000000002014e68     0x1f20
                0x0000000002014e68                __bss_start = ABSOLUTE (.)
                0x0000000002014e68                __bss_start__ = ABSOLUTE (.)
 *(.dynbss)
 *(.gnu.linkonce.b*)
 *(.bss*)
 .bss           0x0000000002014e68        0x0 /home/david/devkitPro/devkitARM/bin/../lib/gcc/arm-none-eabi/4.7.1/../../../../arm-none-eabi/lib/thumb/ds_arm9_crt0.o
 .bss           0x0000000002014e68        0x0 /home/david/devkitPro/devkitARM/bin/../lib/gcc/arm-none-eabi/4.7.1/thumb/crti.o
 .bss           0x0000000002014e68       0x1c /home/david/devkitPro/devkitARM/bin/../lib/gcc/arm-none-eabi/4.7.1/thumb/crtbegin.o
 .bss           0x0000000002014e84        0x0 soundbank.bin.o
 .bss           0x0000000002014e84        0x0 main.o
 .bss           0x0000000002014e84        0x0 snake.o
 .bss           0x0000000002014e84        0x0 /home/david/devkitPro/libnds/lib/libnds9.a(console.o)
 .bss           0x0000000002014e84        0x6 /home/david/devkitPro/libnds/lib/libnds9.a(keys.o)
 .bss           0x0000000002014e8a        0x0 /home/david/devkitPro/libnds/lib/libnds9.a(initSystem.o)
 *fill*         0x0000000002014e8a        0x2 00
 .bss           0x0000000002014e8c        0x8 /home/david/devkitPro/libnds/lib/libnds9.a(fifosystem.o)
                0x0000000002014e90                processing
 .bss           0x0000000002014e94        0x0 /home/david/devkitPro/libnds/lib/libnds9.a(interrupts.o)
 .bss           0x0000000002014e94        0x0 /home/david/devkitPro/libnds/lib/libnds9.a(libnds_exit.arm.o)
 .bss           0x0000000002014e94        0x0 /home/david/devkitPro/libnds/lib/libnds9.a(mpu_setup.o)
 .bss           0x0000000002014e94        0x0 /home/david/devkitPro/libnds/lib/libnds9.a(biosCalls.o)
 .bss           0x0000000002014e94        0x0 /home/david/devkitPro/libnds/lib/libnds9.a(debugprint.o)
 .bss           0x0000000002014e94        0x0 /home/david/devkitPro/libnds/lib/libnds9.a(interruptDispatcher.o)
 .bss           0x0000000002014e94        0x0 /home/david/devkitPro/libnds/lib/libnds9.a(swiSoftReset.o)
 .bss           0x0000000002014e94        0x0 /home/david/devkitPro/libnds/lib/libnds9.a(default_font.bin.o)
 .bss           0x0000000002014e94        0x0 /home/david/devkitPro/libnds/lib/libnds9.a(background.o)
 .bss           0x0000000002014e94        0x4 /home/david/devkitPro/libnds/lib/libnds9.a(system.o)
 .bss           0x0000000002014e98        0x0 /home/david/devkitPro/libnds/lib/libnds9.a(trig.o)
 .bss           0x0000000002014e98        0x0 /home/david/devkitPro/libnds/lib/libnds9.a(video.o)
 .bss           0x0000000002014e98        0x0 /home/david/devkitPro/devkitARM/bin/../lib/gcc/arm-none-eabi/4.7.1/thumb/libgcc.a(_divsi3.o)
 .bss           0x0000000002014e98        0x0 /home/david/devkitPro/devkitARM/bin/../lib/gcc/arm-none-eabi/4.7.1/thumb/libgcc.a(_dvmd_tls.o)
 .bss           0x0000000002014e98        0x0 /home/david/devkitPro/devkitARM/bin/../lib/gcc/arm-none-eabi/4.7.1/../../../../arm-none-eabi/lib/thumb/libg.a(lib_a-bsearch.o)
 .bss           0x0000000002014e98        0x0 /home/david/devkitPro/devkitARM/bin/../lib/gcc/arm-none-eabi/4.7.1/../../../../arm-none-eabi/lib/thumb/libg.a(lib_a-exit.o)
 .bss           0x0000000002014e98        0x0 /home/david/devkitPro/devkitARM/bin/../lib/gcc/arm-none-eabi/4.7.1/../../../../arm-none-eabi/lib/thumb/libg.a(lib_a-impure.o)
 .bss           0x0000000002014e98        0x0 /home/david/devkitPro/devkitARM/bin/../lib/gcc/arm-none-eabi/4.7.1/../../../../arm-none-eabi/lib/thumb/libg.a(lib_a-init.o)
 .bss           0x0000000002014e98        0x0 /home/david/devkitPro/devkitARM/bin/../lib/gcc/arm-none-eabi/4.7.1/../../../../arm-none-eabi/lib/thumb/libg.a(lib_a-iprintf.o)
 .bss           0x0000000002014e98        0x0 /home/david/devkitPro/devkitARM/bin/../lib/gcc/arm-none-eabi/4.7.1/../../../../arm-none-eabi/lib/thumb/libg.a(lib_a-malloc.o)
 .bss           0x0000000002014e98       0x34 /home/david/devkitPro/devkitARM/bin/../lib/gcc/arm-none-eabi/4.7.1/../../../../arm-none-eabi/lib/thumb/libg.a(lib_a-mallocr.o)
                0x0000000002014e98                __malloc_top_pad
                0x0000000002014e9c                __malloc_current_mallinfo
                0x0000000002014ec4                __malloc_max_sbrked_mem
                0x0000000002014ec8                __malloc_max_total_mem
 .bss           0x0000000002014ecc        0x0 /home/david/devkitPro/devkitARM/bin/../lib/gcc/arm-none-eabi/4.7.1/../../../../arm-none-eabi/lib/thumb/libg.a(lib_a-memcpy-stub.o)
 .bss           0x0000000002014ecc        0x0 /home/david/devkitPro/devkitARM/bin/../lib/gcc/arm-none-eabi/4.7.1/../../../../arm-none-eabi/lib/thumb/libg.a(lib_a-mlock.o)
 .bss           0x0000000002014ecc        0x0 /home/david/devkitPro/devkitARM/bin/../lib/gcc/arm-none-eabi/4.7.1/../../../../arm-none-eabi/lib/thumb/libg.a(lib_a-printf.o)
 .bss           0x0000000002014ecc        0x0 /home/david/devkitPro/devkitARM/bin/../lib/gcc/arm-none-eabi/4.7.1/../../../../arm-none-eabi/lib/thumb/libg.a(lib_a-putchar.o)
 .bss           0x0000000002014ecc        0x0 /home/david/devkitPro/devkitARM/bin/../lib/gcc/arm-none-eabi/4.7.1/../../../../arm-none-eabi/lib/thumb/libg.a(lib_a-putc.o)
 .bss           0x0000000002014ecc        0x0 /home/david/devkitPro/devkitARM/bin/../lib/gcc/arm-none-eabi/4.7.1/../../../../arm-none-eabi/lib/thumb/libg.a(lib_a-rand.o)
 .bss           0x0000000002014ecc        0x0 /home/david/devkitPro/devkitARM/bin/../lib/gcc/arm-none-eabi/4.7.1/../../../../arm-none-eabi/lib/thumb/libg.a(lib_a-setvbuf.o)
 .bss           0x0000000002014ecc        0x0 /home/david/devkitPro/devkitARM/bin/../lib/gcc/arm-none-eabi/4.7.1/../../../../arm-none-eabi/lib/thumb/libg.a(lib_a-siscanf.o)
 .bss           0x0000000002014ecc        0x0 /home/david/devkitPro/devkitARM/bin/../lib/gcc/arm-none-eabi/4.7.1/../../../../arm-none-eabi/lib/thumb/libg.a(lib_a-stdio.o)
 .bss           0x0000000002014ecc        0x0 /home/david/devkitPro/devkitARM/bin/../lib/gcc/arm-none-eabi/4.7.1/../../../../arm-none-eabi/lib/thumb/libg.a(lib_a-strlen.o)
 .bss           0x0000000002014ecc        0x0 /home/david/devkitPro/devkitARM/bin/../lib/gcc/arm-none-eabi/4.7.1/../../../../arm-none-eabi/lib/thumb/libg.a(lib_a-svfiscanf.o)
 .bss           0x0000000002014ecc        0x0 /home/david/devkitPro/devkitARM/bin/../lib/gcc/arm-none-eabi/4.7.1/../../../../arm-none-eabi/lib/thumb/libg.a(lib_a-time.o)
 .bss           0x0000000002014ecc        0x0 /home/david/devkitPro/devkitARM/bin/../lib/gcc/arm-none-eabi/4.7.1/../../../../arm-none-eabi/lib/thumb/libg.a(lib_a-ungetc.o)
 .bss           0x0000000002014ecc        0x0 /home/david/devkitPro/devkitARM/bin/../lib/gcc/arm-none-eabi/4.7.1/../../../../arm-none-eabi/lib/thumb/libg.a(lib_a-vfiprintf.o)
 .bss           0x0000000002014ecc        0x0 /home/david/devkitPro/devkitARM/bin/../lib/gcc/arm-none-eabi/4.7.1/../../../../arm-none-eabi/lib/thumb/libg.a(lib_a-vfprintf.o)
 .bss           0x0000000002014ecc        0x0 /home/david/devkitPro/devkitARM/bin/../lib/gcc/arm-none-eabi/4.7.1/../../../../arm-none-eabi/lib/thumb/libg.a(lib_a-wbuf.o)
 .bss           0x0000000002014ecc        0x0 /home/david/devkitPro/devkitARM/bin/../lib/gcc/arm-none-eabi/4.7.1/../../../../arm-none-eabi/lib/thumb/libg.a(lib_a-wcrtomb.o)
 .bss           0x0000000002014ecc        0x0 /home/david/devkitPro/devkitARM/bin/../lib/gcc/arm-none-eabi/4.7.1/../../../../arm-none-eabi/lib/thumb/libg.a(lib_a-wcsrtombs.o)
 .bss           0x0000000002014ecc        0x0 /home/david/devkitPro/devkitARM/bin/../lib/gcc/arm-none-eabi/4.7.1/../../../../arm-none-eabi/lib/thumb/libg.a(lib_a-wctomb_r.o)
 .bss           0x0000000002014ecc        0x0 /home/david/devkitPro/devkitARM/bin/../lib/gcc/arm-none-eabi/4.7.1/../../../../arm-none-eabi/lib/thumb/libg.a(lib_a-wsetup.o)
 .bss           0x0000000002014ecc        0x0 /home/david/devkitPro/devkitARM/bin/../lib/gcc/arm-none-eabi/4.7.1/../../../../arm-none-eabi/lib/thumb/libg.a(lib_a-__call_atexit.o)
 .bss           0x0000000002014ecc        0x0 /home/david/devkitPro/devkitARM/bin/../lib/gcc/arm-none-eabi/4.7.1/../../../../arm-none-eabi/lib/thumb/libg.a(lib_a-ctype_.o)
 .bss           0x0000000002014ecc        0x0 /home/david/devkitPro/devkitARM/bin/../lib/gcc/arm-none-eabi/4.7.1/../../../../arm-none-eabi/lib/thumb/libg.a(lib_a-dtoa.o)
 .bss           0x0000000002014ecc        0x0 /home/david/devkitPro/devkitARM/bin/../lib/gcc/arm-none-eabi/4.7.1/../../../../arm-none-eabi/lib/thumb/libg.a(lib_a-fflush.o)
 .bss           0x0000000002014ecc        0x0 /home/david/devkitPro/devkitARM/bin/../lib/gcc/arm-none-eabi/4.7.1/../../../../arm-none-eabi/lib/thumb/libg.a(lib_a-findfp.o)
 .bss           0x0000000002014ecc        0x0 /home/david/devkitPro/devkitARM/bin/../lib/gcc/arm-none-eabi/4.7.1/../../../../arm-none-eabi/lib/thumb/libg.a(lib_a-fputwc.o)
 .bss           0x0000000002014ecc        0x0 /home/david/devkitPro/devkitARM/bin/../lib/gcc/arm-none-eabi/4.7.1/../../../../arm-none-eabi/lib/thumb/libg.a(lib_a-freer.o)
 .bss           0x0000000002014ecc        0x0 /home/david/devkitPro/devkitARM/bin/../lib/gcc/arm-none-eabi/4.7.1/../../../../arm-none-eabi/lib/thumb/libg.a(lib_a-fvwrite.o)
 .bss           0x0000000002014ecc        0x0 /home/david/devkitPro/devkitARM/bin/../lib/gcc/arm-none-eabi/4.7.1/../../../../arm-none-eabi/lib/thumb/libg.a(lib_a-fwalk.o)
 .bss           0x0000000002014ecc        0x0 /home/david/devkitPro/devkitARM/bin/../lib/gcc/arm-none-eabi/4.7.1/../../../../arm-none-eabi/lib/thumb/libg.a(lib_a-iswspace.o)
 .bss           0x0000000002014ecc        0x0 /home/david/devkitPro/devkitARM/bin/../lib/gcc/arm-none-eabi/4.7.1/../../../../arm-none-eabi/lib/thumb/libg.a(lib_a-jp2uc.o)
 .bss           0x0000000002014ecc      0x2b8 /home/david/devkitPro/devkitARM/bin/../lib/gcc/arm-none-eabi/4.7.1/../../../../arm-none-eabi/lib/thumb/libg.a(lib_a-locale.o)
                0x0000000002015178                _PathLocale
                0x000000000201517c                __mlocale_changed
                0x0000000002015180                __nlocale_changed
 .bss           0x0000000002015184        0x0 /home/david/devkitPro/devkitARM/bin/../lib/gcc/arm-none-eabi/4.7.1/../../../../arm-none-eabi/lib/thumb/libg.a(lib_a-makebuf.o)
 .bss           0x0000000002015184        0x0 /home/david/devkitPro/devkitARM/bin/../lib/gcc/arm-none-eabi/4.7.1/../../../../arm-none-eabi/lib/thumb/libg.a(lib_a-mbrtowc.o)
 .bss           0x0000000002015184        0x0 /home/david/devkitPro/devkitARM/bin/../lib/gcc/arm-none-eabi/4.7.1/../../../../arm-none-eabi/lib/thumb/libg.a(lib_a-mbtowc_r.o)
 .bss           0x0000000002015184        0x0 /home/david/devkitPro/devkitARM/bin/../lib/gcc/arm-none-eabi/4.7.1/../../../../arm-none-eabi/lib/thumb/libg.a(lib_a-memchr-stub.o)
 .bss           0x0000000002015184        0x0 /home/david/devkitPro/devkitARM/bin/../lib/gcc/arm-none-eabi/4.7.1/../../../../arm-none-eabi/lib/thumb/libg.a(lib_a-memmove.o)
 .bss           0x0000000002015184        0x0 /home/david/devkitPro/devkitARM/bin/../lib/gcc/arm-none-eabi/4.7.1/../../../../arm-none-eabi/lib/thumb/libg.a(lib_a-memset.o)
 .bss           0x0000000002015184        0x0 /home/david/devkitPro/devkitARM/bin/../lib/gcc/arm-none-eabi/4.7.1/../../../../arm-none-eabi/lib/thumb/libg.a(lib_a-mprec.o)
 .bss           0x0000000002015184        0x0 /home/david/devkitPro/devkitARM/bin/../lib/gcc/arm-none-eabi/4.7.1/../../../../arm-none-eabi/lib/thumb/libg.a(lib_a-reallocr.o)
 .bss           0x0000000002015184        0x0 /home/david/devkitPro/devkitARM/bin/../lib/gcc/arm-none-eabi/4.7.1/../../../../arm-none-eabi/lib/thumb/libg.a(lib_a-sccl.o)
 .bss           0x0000000002015184        0x0 /home/david/devkitPro/devkitARM/bin/../lib/gcc/arm-none-eabi/4.7.1/../../../../arm-none-eabi/lib/thumb/libg.a(lib_a-s_fpclassify.o)
 .bss           0x0000000002015184        0x0 /home/david/devkitPro/devkitARM/bin/../lib/gcc/arm-none-eabi/4.7.1/../../../../arm-none-eabi/lib/thumb/libg.a(lib_a-strcasecmp.o)
 .bss           0x0000000002015184        0x0 /home/david/devkitPro/devkitARM/bin/../lib/gcc/arm-none-eabi/4.7.1/../../../../arm-none-eabi/lib/thumb/libg.a(lib_a-strcat.o)
 .bss           0x0000000002015184        0x0 /home/david/devkitPro/devkitARM/bin/../lib/gcc/arm-none-eabi/4.7.1/../../../../arm-none-eabi/lib/thumb/libg.a(lib_a-strchr.o)
 .bss           0x0000000002015184        0x0 /home/david/devkitPro/devkitARM/bin/../lib/gcc/arm-none-eabi/4.7.1/../../../../arm-none-eabi/lib/thumb/libg.a(lib_a-strcmp.o)
 .bss           0x0000000002015184        0x0 /home/david/devkitPro/devkitARM/bin/../lib/gcc/arm-none-eabi/4.7.1/../../../../arm-none-eabi/lib/thumb/libg.a(lib_a-strcpy.o)
 .bss           0x0000000002015184        0x0 /home/david/devkitPro/devkitARM/bin/../lib/gcc/arm-none-eabi/4.7.1/../../../../arm-none-eabi/lib/thumb/libg.a(lib_a-strlcpy.o)
 .bss           0x0000000002015184        0x0 /home/david/devkitPro/devkitARM/bin/../lib/gcc/arm-none-eabi/4.7.1/../../../../arm-none-eabi/lib/thumb/libg.a(lib_a-strncasecmp.o)
 .bss           0x0000000002015184        0x0 /home/david/devkitPro/devkitARM/bin/../lib/gcc/arm-none-eabi/4.7.1/../../../../arm-none-eabi/lib/thumb/libg.a(lib_a-strncmp.o)
 .bss           0x0000000002015184        0x0 /home/david/devkitPro/devkitARM/bin/../lib/gcc/arm-none-eabi/4.7.1/../../../../arm-none-eabi/lib/thumb/libg.a(lib_a-strncpy.o)
 .bss           0x0000000002015184        0x0 /home/david/devkitPro/devkitARM/bin/../lib/gcc/arm-none-eabi/4.7.1/../../../../arm-none-eabi/lib/thumb/libg.a(lib_a-strtoll_r.o)
 .bss           0x0000000002015184        0x0 /home/david/devkitPro/devkitARM/bin/../lib/gcc/arm-none-eabi/4.7.1/../../../../arm-none-eabi/lib/thumb/libg.a(lib_a-strtol.o)
 .bss           0x0000000002015184        0x0 /home/david/devkitPro/devkitARM/bin/../lib/gcc/arm-none-eabi/4.7.1/../../../../arm-none-eabi/lib/thumb/libg.a(lib_a-strtoull_r.o)
 .bss           0x0000000002015184        0x0 /home/david/devkitPro/devkitARM/bin/../lib/gcc/arm-none-eabi/4.7.1/../../../../arm-none-eabi/lib/thumb/libg.a(lib_a-strtoul.o)
 .bss           0x0000000002015184        0x0 /home/david/devkitPro/devkitARM/bin/../lib/gcc/arm-none-eabi/4.7.1/../../../../arm-none-eabi/lib/thumb/libg.a(lib_a-wcsnrtombs.o)
 .bss           0x0000000002015184        0x0 /home/david/devkitPro/devkitARM/bin/../lib/gcc/arm-none-eabi/4.7.1/../../../../arm-none-eabi/lib/thumb/libg.a(lib_a-callocr.o)
 .bss           0x0000000002015184        0x0 /home/david/devkitPro/devkitARM/bin/../lib/gcc/arm-none-eabi/4.7.1/../../../../arm-none-eabi/lib/thumb/libg.a(lib_a-fclose.o)
 .bss           0x0000000002015184        0x0 /home/david/devkitPro/devkitARM/bin/../lib/gcc/arm-none-eabi/4.7.1/../../../../arm-none-eabi/lib/thumb/libg.a(lib_a-getenv_r.o)
 .bss           0x0000000002015184        0x4 /home/david/devkitPro/devkitARM/bin/../lib/gcc/arm-none-eabi/4.7.1/../../../../arm-none-eabi/lib/thumb/libg.a(lib_a-environ.o)
 .bss           0x0000000002015188        0x0 /home/david/devkitPro/devkitARM/bin/../lib/gcc/arm-none-eabi/4.7.1/../../../../arm-none-eabi/lib/thumb/libg.a(lib_a-envlock.o)
 .bss           0x0000000002015188        0x0 /home/david/devkitPro/devkitARM/bin/../lib/gcc/arm-none-eabi/4.7.1/../../../../arm-none-eabi/lib/thumb/libsysbase.a(iosupport.o)
 .bss           0x0000000002015188        0x0 /home/david/devkitPro/devkitARM/bin/../lib/gcc/arm-none-eabi/4.7.1/../../../../arm-none-eabi/lib/thumb/libsysbase.a(close.o)
 .bss           0x0000000002015188        0x0 /home/david/devkitPro/devkitARM/bin/../lib/gcc/arm-none-eabi/4.7.1/../../../../arm-none-eabi/lib/thumb/libsysbase.a(fstat.o)
 .bss           0x0000000002015188        0x0 /home/david/devkitPro/devkitARM/bin/../lib/gcc/arm-none-eabi/4.7.1/../../../../arm-none-eabi/lib/thumb/libsysbase.a(isatty.o)
 .bss           0x0000000002015188        0x0 /home/david/devkitPro/devkitARM/bin/../lib/gcc/arm-none-eabi/4.7.1/../../../../arm-none-eabi/lib/thumb/libsysbase.a(lseek.o)
 .bss           0x0000000002015188        0x0 /home/david/devkitPro/devkitARM/bin/../lib/gcc/arm-none-eabi/4.7.1/../../../../arm-none-eabi/lib/thumb/libsysbase.a(read.o)
 .bss           0x0000000002015188        0x4 /home/david/devkitPro/devkitARM/bin/../lib/gcc/arm-none-eabi/4.7.1/../../../../arm-none-eabi/lib/thumb/libsysbase.a(sbrk.o)
 .bss           0x000000000201518c        0x0 /home/david/devkitPro/devkitARM/bin/../lib/gcc/arm-none-eabi/4.7.1/../../../../arm-none-eabi/lib/thumb/libsysbase.a(times.o)
 .bss           0x000000000201518c        0x0 /home/david/devkitPro/devkitARM/bin/../lib/gcc/arm-none-eabi/4.7.1/../../../../arm-none-eabi/lib/thumb/libsysbase.a(write.o)
 .bss           0x000000000201518c        0x0 /home/david/devkitPro/devkitARM/bin/../lib/gcc/arm-none-eabi/4.7.1/../../../../arm-none-eabi/lib/thumb/libsysbase.a(_exit.o)
 .bss           0x000000000201518c        0x8 /home/david/devkitPro/devkitARM/bin/../lib/gcc/arm-none-eabi/4.7.1/../../../../arm-none-eabi/lib/thumb/libsysbase.a(malloc_vars.o)
                0x000000000201518c                fake_heap_start
                0x0000000002015190                fake_heap_end
 .bss           0x0000000002015194        0x0 /home/david/devkitPro/devkitARM/bin/../lib/gcc/arm-none-eabi/4.7.1/../../../../arm-none-eabi/lib/thumb/libsysbase.a(build_argv.o)
 .bss           0x0000000002015194        0x8 /home/david/devkitPro/devkitARM/bin/../lib/gcc/arm-none-eabi/4.7.1/../../../../arm-none-eabi/lib/thumb/libsysbase.a(syscall_support.o)
                0x0000000002015194                __syscalls
 .bss           0x000000000201519c     0x1000 /home/david/devkitPro/devkitARM/bin/../lib/gcc/arm-none-eabi/4.7.1/../../../../arm-none-eabi/lib/thumb/libsysbase.a(handle_manager.o)
 .bss           0x000000000201619c        0x0 /home/david/devkitPro/devkitARM/bin/../lib/gcc/arm-none-eabi/4.7.1/thumb/libgcc.a(_udivsi3.o)
 .bss           0x000000000201619c        0x0 /home/david/devkitPro/devkitARM/bin/../lib/gcc/arm-none-eabi/4.7.1/thumb/libgcc.a(_arm_addsubdf3.o)
 .bss           0x000000000201619c        0x0 /home/david/devkitPro/devkitARM/bin/../lib/gcc/arm-none-eabi/4.7.1/thumb/libgcc.a(_arm_muldivdf3.o)
 .bss           0x000000000201619c        0x0 /home/david/devkitPro/devkitARM/bin/../lib/gcc/arm-none-eabi/4.7.1/thumb/libgcc.a(_arm_cmpdf2.o)
 .bss           0x000000000201619c        0x0 /home/david/devkitPro/devkitARM/bin/../lib/gcc/arm-none-eabi/4.7.1/thumb/libgcc.a(_arm_fixdfsi.o)
 .bss           0x000000000201619c        0x0 /home/david/devkitPro/devkitARM/bin/../lib/gcc/arm-none-eabi/4.7.1/thumb/libgcc.a(_aeabi_uldivmod.o)
 .bss           0x000000000201619c        0x0 /home/david/devkitPro/devkitARM/bin/../lib/gcc/arm-none-eabi/4.7.1/thumb/libgcc.a(_muldi3.o)
 .bss           0x000000000201619c        0x0 /home/david/devkitPro/devkitARM/bin/../lib/gcc/arm-none-eabi/4.7.1/thumb/libgcc.a(bpabi.o)
 .bss           0x000000000201619c        0x0 /home/david/devkitPro/devkitARM/bin/../lib/gcc/arm-none-eabi/4.7.1/thumb/libgcc.a(_divdi3.o)
 .bss           0x000000000201619c        0x0 /home/david/devkitPro/devkitARM/bin/../lib/gcc/arm-none-eabi/4.7.1/thumb/libgcc.a(_udivdi3.o)
 .bss           0x000000000201619c        0x0 /home/david/devkitPro/devkitARM/bin/../lib/gcc/arm-none-eabi/4.7.1/thumb/libgcc.a(_clzsi2.o)
 .bss           0x000000000201619c        0x0 /home/david/devkitPro/devkitARM/bin/../lib/gcc/arm-none-eabi/4.7.1/../../../../arm-none-eabi/lib/thumb/libg.a(lib_a-errno.o)
 .bss           0x000000000201619c        0x0 /home/david/devkitPro/devkitARM/bin/../lib/gcc/arm-none-eabi/4.7.1/thumb/crtend.o